../Core/Src/LCD_Driver.c:31:6:LCD_GPIO_Init	56	static
../Core/Src/LCD_Driver.c:115:6:LTCD__Init	8	static
../Core/Src/LCD_Driver.c:166:6:LTCD_Layer_Init	72	static
../Core/Src/LCD_Driver.c:195:6:LCD_Draw_Pixel	16	static
../Core/Src/LCD_Driver.c:202:6:LCD_DrawChar	24	static
../Core/Src/LCD_Driver.c:222:6:LCD_DisplayChar	16	static
../Core/Src/LCD_Driver.c:228:6:LCD_DisplayString	24	static
../Core/Src/LCD_Driver.c:239:6:LCD_DisplayNumber	64	dynamic
../Core/Src/LCD_Driver.c:273:6:LCD_SetTextColor	16	static
../Core/Src/LCD_Driver.c:278:6:LCD_SetFont	16	static
../Core/Src/LCD_Driver.c:284:6:LCD_Draw_Circle_Fill	32	static
../Core/Src/LCD_Driver.c:299:6:LCD_Draw_Horizontal_Line	32	static
../Core/Src/LCD_Driver.c:307:6:LCD_Draw_Vertical_Line	32	static
../Core/Src/LCD_Driver.c:315:6:LCD_Clear	24	static
../Core/Src/LCD_Driver.c:324:6:LCD_Error_Handler	4	static
../Core/Src/LCD_Driver.c:330:6:QuickDemo	16	static
../Core/Src/LCD_Driver.c:403:6:ili9341_Init	8	static
../Core/Src/LCD_Driver.c:534:6:ili9341_DisplayOn	8	static
../Core/Src/LCD_Driver.c:545:6:ili9341_DisplayOff	8	static
../Core/Src/LCD_Driver.c:556:6:ili9341_Write_Reg	16	static
../Core/Src/LCD_Driver.c:566:6:ili9341_Send_Data	16	static
../Core/Src/LCD_Driver.c:577:10:ili9341_ReadData	16	static
../Core/Src/LCD_Driver.c:589:13:SPI_Init	8	static
../Core/Src/LCD_Driver.c:627:17:SPI_Read	24	static
../Core/Src/LCD_Driver.c:648:13:SPI_Write	24	static
../Core/Src/LCD_Driver.c:666:13:SPI_Error	8	static
../Core/Src/LCD_Driver.c:679:13:SPI_MspInit	48	static
../Core/Src/LCD_Driver.c:703:6:LCD_IO_Init	40	static
../Core/Src/LCD_Driver.c:747:6:LCD_IO_WriteData	16	static
../Core/Src/LCD_Driver.c:763:6:LCD_IO_WriteReg	16	static
../Core/Src/LCD_Driver.c:782:10:LCD_IO_ReadData	24	static
../Core/Src/LCD_Driver.c:809:6:LCD_Delay	16	static
