Archive member included to satisfy reference by file (symbol)

/opt/st/stm32cubeide_1.14.0/plugins/com.st.stm32cube.ide.mcu.externaltools.gnu-tools-for-stm32.11.3.rel1.linux64_1.1.100.202309141235/tools/bin/../lib/gcc/arm-none-eabi/11.3.1/../../../../arm-none-eabi/lib/thumb/v7e-m+fp/hard/libc_nano.a(libc_a-exit.o)
                              /opt/st/stm32cubeide_1.14.0/plugins/com.st.stm32cube.ide.mcu.externaltools.gnu-tools-for-stm32.11.3.rel1.linux64_1.1.100.202309141235/tools/bin/../lib/gcc/arm-none-eabi/11.3.1/../../../../arm-none-eabi/lib/thumb/v7e-m+fp/hard/crt0.o (exit)
/opt/st/stm32cubeide_1.14.0/plugins/com.st.stm32cube.ide.mcu.externaltools.gnu-tools-for-stm32.11.3.rel1.linux64_1.1.100.202309141235/tools/bin/../lib/gcc/arm-none-eabi/11.3.1/../../../../arm-none-eabi/lib/thumb/v7e-m+fp/hard/libc_nano.a(libc_a-rand.o)
                              ./Core/Src/maze.o (srand)
/opt/st/stm32cubeide_1.14.0/plugins/com.st.stm32cube.ide.mcu.externaltools.gnu-tools-for-stm32.11.3.rel1.linux64_1.1.100.202309141235/tools/bin/../lib/gcc/arm-none-eabi/11.3.1/../../../../arm-none-eabi/lib/thumb/v7e-m+fp/hard/libc_nano.a(libc_a-findfp.o)
                              ./Middlewares/Third_Party/FreeRTOS/Source/tasks.o (__sf)
/opt/st/stm32cubeide_1.14.0/plugins/com.st.stm32cube.ide.mcu.externaltools.gnu-tools-for-stm32.11.3.rel1.linux64_1.1.100.202309141235/tools/bin/../lib/gcc/arm-none-eabi/11.3.1/../../../../arm-none-eabi/lib/thumb/v7e-m+fp/hard/libc_nano.a(libc_a-fwalk.o)
                              /opt/st/stm32cubeide_1.14.0/plugins/com.st.stm32cube.ide.mcu.externaltools.gnu-tools-for-stm32.11.3.rel1.linux64_1.1.100.202309141235/tools/bin/../lib/gcc/arm-none-eabi/11.3.1/../../../../arm-none-eabi/lib/thumb/v7e-m+fp/hard/libc_nano.a(libc_a-findfp.o) (_fwalk_sglue)
/opt/st/stm32cubeide_1.14.0/plugins/com.st.stm32cube.ide.mcu.externaltools.gnu-tools-for-stm32.11.3.rel1.linux64_1.1.100.202309141235/tools/bin/../lib/gcc/arm-none-eabi/11.3.1/../../../../arm-none-eabi/lib/thumb/v7e-m+fp/hard/libc_nano.a(libc_a-stdio.o)
                              /opt/st/stm32cubeide_1.14.0/plugins/com.st.stm32cube.ide.mcu.externaltools.gnu-tools-for-stm32.11.3.rel1.linux64_1.1.100.202309141235/tools/bin/../lib/gcc/arm-none-eabi/11.3.1/../../../../arm-none-eabi/lib/thumb/v7e-m+fp/hard/libc_nano.a(libc_a-findfp.o) (__sread)
/opt/st/stm32cubeide_1.14.0/plugins/com.st.stm32cube.ide.mcu.externaltools.gnu-tools-for-stm32.11.3.rel1.linux64_1.1.100.202309141235/tools/bin/../lib/gcc/arm-none-eabi/11.3.1/../../../../arm-none-eabi/lib/thumb/v7e-m+fp/hard/libc_nano.a(libc_a-memcmp.o)
                              ./Middlewares/Third_Party/FreeRTOS/Source/tasks.o (memcmp)
/opt/st/stm32cubeide_1.14.0/plugins/com.st.stm32cube.ide.mcu.externaltools.gnu-tools-for-stm32.11.3.rel1.linux64_1.1.100.202309141235/tools/bin/../lib/gcc/arm-none-eabi/11.3.1/../../../../arm-none-eabi/lib/thumb/v7e-m+fp/hard/libc_nano.a(libc_a-memset.o)
                              /opt/st/stm32cubeide_1.14.0/plugins/com.st.stm32cube.ide.mcu.externaltools.gnu-tools-for-stm32.11.3.rel1.linux64_1.1.100.202309141235/tools/bin/../lib/gcc/arm-none-eabi/11.3.1/../../../../arm-none-eabi/lib/thumb/v7e-m+fp/hard/crt0.o (memset)
/opt/st/stm32cubeide_1.14.0/plugins/com.st.stm32cube.ide.mcu.externaltools.gnu-tools-for-stm32.11.3.rel1.linux64_1.1.100.202309141235/tools/bin/../lib/gcc/arm-none-eabi/11.3.1/../../../../arm-none-eabi/lib/thumb/v7e-m+fp/hard/libc_nano.a(libc_a-closer.o)
                              /opt/st/stm32cubeide_1.14.0/plugins/com.st.stm32cube.ide.mcu.externaltools.gnu-tools-for-stm32.11.3.rel1.linux64_1.1.100.202309141235/tools/bin/../lib/gcc/arm-none-eabi/11.3.1/../../../../arm-none-eabi/lib/thumb/v7e-m+fp/hard/libc_nano.a(libc_a-stdio.o) (_close_r)
/opt/st/stm32cubeide_1.14.0/plugins/com.st.stm32cube.ide.mcu.externaltools.gnu-tools-for-stm32.11.3.rel1.linux64_1.1.100.202309141235/tools/bin/../lib/gcc/arm-none-eabi/11.3.1/../../../../arm-none-eabi/lib/thumb/v7e-m+fp/hard/libc_nano.a(libc_a-reent.o)
                              ./Middlewares/Third_Party/FreeRTOS/Source/tasks.o (_reclaim_reent)
/opt/st/stm32cubeide_1.14.0/plugins/com.st.stm32cube.ide.mcu.externaltools.gnu-tools-for-stm32.11.3.rel1.linux64_1.1.100.202309141235/tools/bin/../lib/gcc/arm-none-eabi/11.3.1/../../../../arm-none-eabi/lib/thumb/v7e-m+fp/hard/libc_nano.a(libc_a-impure.o)
                              ./Middlewares/Third_Party/FreeRTOS/Source/tasks.o (_impure_ptr)
/opt/st/stm32cubeide_1.14.0/plugins/com.st.stm32cube.ide.mcu.externaltools.gnu-tools-for-stm32.11.3.rel1.linux64_1.1.100.202309141235/tools/bin/../lib/gcc/arm-none-eabi/11.3.1/../../../../arm-none-eabi/lib/thumb/v7e-m+fp/hard/libc_nano.a(libc_a-lseekr.o)
[...]
Memory Configuration

Name             Origin             Length             Attributes
CCMRAM           0x0000000010000000 0x0000000000010000 xrw
RAM              0x0000000020000000 0x0000000000030000 xrw
FLASH            0x0000000008000000 0x0000000000200000 xr
*default*        0x0000000000000000 0xffffffffffffffff

Linker script and memory map

LOAD /opt/st/stm32cubeide_1.14.0/plugins/com.st.stm32cube.ide.mcu.externaltools.gnu-tools-for-stm32.11.3.rel1.linux64_1.1.100.202309141235/tools/bin/../lib/gcc/arm-none-eabi/11.3.1/thumb/v7e-m+fp/hard/crti.o
LOAD /opt/st/stm32cubeide_1.14.0/plugins/com.st.stm32cube.ide.mcu.externaltools.gnu-tools-for-stm32.11.3.rel1.linux64_1.1.100.202309141235/tools/bin/../lib/gcc/arm-none-eabi/11.3.1/thumb/v7e-m+fp/hard/crtbegin.o
LOAD /opt/st/stm32cubeide_1.14.0/plugins/com.st.stm32cube.ide.mcu.externaltools.gnu-tools-for-stm32.11.3.rel1.linux64_1.1.100.202309141235/tools/bin/../lib/gcc/arm-none-eabi/11.3.1/../../../../arm-none-eabi/lib/thumb/v7e-m+fp/hard/crt0.o
LOAD ./Core/Src/ApplicationCode.o
LOAD ./Core/Src/Gyro_Driver.o
LOAD ./Core/Src/LCD_Driver.o
LOAD ./Core/Src/fonts.o
LOAD ./Core/Src/freertos.o
LOAD ./Core/Src/main.o
LOAD ./Core/Src/maze.o
LOAD ./Core/Src/stm32f4xx_hal_msp.o
LOAD ./Core/Src/stm32f4xx_it.o
LOAD ./Core/Src/syscalls.o
LOAD ./Core/Src/sysmem.o
LOAD ./Core/Src/system_stm32f4xx.o
LOAD ./Core/Startup/startup_stm32f429zitx.o
LOAD ./Drivers/STM32F4xx_HAL_Driver/Src/stm32f4xx_hal.o
LOAD ./Drivers/STM32F4xx_HAL_Driver/Src/stm32f4xx_hal_cortex.o
LOAD ./Drivers/STM32F4xx_HAL_Driver/Src/stm32f4xx_hal_dma.o
LOAD ./Drivers/STM32F4xx_HAL_Driver/Src/stm32f4xx_hal_dma_ex.o
LOAD ./Drivers/STM32F4xx_HAL_Driver/Src/stm32f4xx_hal_dsi.o
LOAD ./Drivers/STM32F4xx_HAL_Driver/Src/stm32f4xx_hal_exti.o
LOAD ./Drivers/STM32F4xx_HAL_Driver/Src/stm32f4xx_hal_flash.o
LOAD ./Drivers/STM32F4xx_HAL_Driver/Src/stm32f4xx_hal_flash_ex.o
LOAD ./Drivers/STM32F4xx_HAL_Driver/Src/stm32f4xx_hal_flash_ramfunc.o
LOAD ./Drivers/STM32F4xx_HAL_Driver/Src/stm32f4xx_hal_gpio.o
LOAD ./Drivers/STM32F4xx_HAL_Driver/Src/stm32f4xx_hal_ltdc.o
LOAD ./Drivers/STM32F4xx_HAL_Driver/Src/stm32f4xx_hal_ltdc_ex.o
LOAD ./Drivers/STM32F4xx_HAL_Driver/Src/stm32f4xx_hal_pwr.o
LOAD ./Drivers/STM32F4xx_HAL_Driver/Src/stm32f4xx_hal_pwr_ex.o
LOAD ./Drivers/STM32F4xx_HAL_Driver/Src/stm32f4xx_hal_rcc.o
LOAD ./Drivers/STM32F4xx_HAL_Driver/Src/stm32f4xx_hal_rcc_ex.o
LOAD ./Drivers/STM32F4xx_HAL_Driver/Src/stm32f4xx_hal_rng.o
LOAD ./Drivers/STM32F4xx_HAL_Driver/Src/stm32f4xx_hal_spi.o
LOAD ./Drivers/STM32F4xx_HAL_Driver/Src/stm32f4xx_hal_tim.o
LOAD ./Drivers/STM32F4xx_HAL_Driver/Src/stm32f4xx_hal_tim_ex.o
LOAD ./Middlewares/Third_Party/FreeRTOS/Source/CMSIS_RTOS_V2/cmsis_os2.o
LOAD ./Middlewares/Third_Party/FreeRTOS/Source/croutine.o
LOAD ./Middlewares/Third_Party/FreeRTOS/Source/event_groups.o
LOAD ./Middlewares/Third_Party/FreeRTOS/Source/list.o
LOAD ./Middlewares/Third_Party/FreeRTOS/Source/queue.o
LOAD ./Middlewares/Third_Party/FreeRTOS/Source/stream_buffer.o
LOAD ./Middlewares/Third_Party/FreeRTOS/Source/tasks.o
LOAD ./Middlewares/Third_Party/FreeRTOS/Source/timers.o
LOAD ./Middlewares/Third_Party/FreeRTOS/Source/portable/GCC/ARM_CM4F/port.o
LOAD ./Middlewares/Third_Party/FreeRTOS/Source/portable/MemMang/heap_4.o
LOAD ./Middlewares/Third_Party/SystemView/SEGGER/SEGGER_RTT.o
LOAD ./Middlewares/Third_Party/SystemView/SEGGER/SEGGER_RTT_ASM_ARMv7M.o
LOAD ./Middlewares/Third_Party/SystemView/SEGGER/SEGGER_RTT_printf.o
LOAD ./Middlewares/Third_Party/SystemView/SEGGER/SEGGER_SYSVIEW.o
LOAD ./Middlewares/Third_Party/SystemView/Sample/FreeRTOS/Config/SEGGER_SYSVIEW_Config_FreeRTOS.o
LOAD ./Middlewares/Third_Party/SystemView/Sample/FreeRTOS/SEGGER_SYSVIEW_FreeRTOS.o
START GROUP
LOAD /opt/st/stm32cubeide_1.14.0/plugins/com.st.stm32cube.ide.mcu.externaltools.gnu-tools-for-stm32.11.3.rel1.linux64_1.1.100.202309141235/tools/bin/../lib/gcc/arm-none-eabi/11.3.1/../../../../arm-none-eabi/lib/thumb/v7e-m+fp/hard/libc_nano.a
LOAD /opt/st/stm32cubeide_1.14.0/plugins/com.st.stm32cube.ide.mcu.externaltools.gnu-tools-for-stm32.11.3.rel1.linux64_1.1.100.202309141235/tools/bin/../lib/gcc/arm-none-eabi/11.3.1/../../../../arm-none-eabi/lib/thumb/v7e-m+fp/hard/libm.a
END GROUP
START GROUP
LOAD /opt/st/stm32cubeide_1.14.0/plugins/com.st.stm32cube.ide.mcu.externaltools.gnu-tools-for-stm32.11.3.rel1.linux64_1.1.100.202309141235/tools/bin/../lib/gcc/arm-none-eabi/11.3.1/thumb/v7e-m+fp/hard/libgcc.a
LOAD /opt/st/stm32cubeide_1.14.0/plugins/com.st.stm32cube.ide.mcu.externaltools.gnu-tools-for-stm32.11.3.rel1.linux64_1.1.100.202309141235/tools/bin/../lib/gcc/arm-none-eabi/11.3.1/../../../../arm-none-eabi/lib/thumb/v7e-m+fp/hard/libc_nano.a
END GROUP
START GROUP
LOAD /opt/st/stm32cubeide_1.14.0/plugins/com.st.stm32cube.ide.mcu.externaltools.gnu-tools-for-stm32.11.3.rel1.linux64_1.1.100.202309141235/tools/bin/../lib/gcc/arm-none-eabi/11.3.1/thumb/v7e-m+fp/hard/libgcc.a
LOAD /opt/st/stm32cubeide_1.14.0/plugins/com.st.stm32cube.ide.mcu.externaltools.gnu-tools-for-stm32.11.3.rel1.linux64_1.1.100.202309141235/tools/bin/../lib/gcc/arm-none-eabi/11.3.1/../../../../arm-none-eabi/lib/thumb/v7e-m+fp/hard/libc_nano.a
LOAD /opt/st/stm32cubeide_1.14.0/plugins/com.st.stm32cube.ide.mcu.externaltools.gnu-tools-for-stm32.11.3.rel1.linux64_1.1.100.202309141235/tools/bin/../lib/gcc/arm-none-eabi/11.3.1/../../../../arm-none-eabi/lib/thumb/v7e-m+fp/hard/libnosys.a
END GROUP
START GROUP
LOAD /opt/st/stm32cubeide_1.14.0/plugins/com.st.stm32cube.ide.mcu.externaltools.gnu-tools-for-stm32.11.3.rel1.linux64_1.1.100.202309141235/tools/bin/../lib/gcc/arm-none-eabi/11.3.1/thumb/v7e-m+fp/hard/libgcc.a
LOAD /opt/st/stm32cubeide_1.14.0/plugins/com.st.stm32cube.ide.mcu.externaltools.gnu-tools-for-stm32.11.3.rel1.linux64_1.1.100.202309141235/tools/bin/../lib/gcc/arm-none-eabi/11.3.1/../../../../arm-none-eabi/lib/thumb/v7e-m+fp/hard/libc_nano.a
LOAD /opt/st/stm32cubeide_1.14.0/plugins/com.st.stm32cube.ide.mcu.externaltools.gnu-tools-for-stm32.11.3.rel1.linux64_1.1.100.202309141235/tools/bin/../lib/gcc/arm-none-eabi/11.3.1/../../../../arm-none-eabi/lib/thumb/v7e-m+fp/hard/libnosys.a
END GROUP
LOAD /opt/st/stm32cubeide_1.14.0/plugins/com.st.stm32cube.ide.mcu.externaltools.gnu-tools-for-stm32.11.3.rel1.linux64_1.1.100.202309141235/tools/bin/../lib/gcc/arm-none-eabi/11.3.1/thumb/v7e-m+fp/hard/crtend.o
LOAD /opt/st/stm32cubeide_1.14.0/plugins/com.st.stm32cube.ide.mcu.externaltools.gnu-tools-for-stm32.11.3.rel1.linux64_1.1.100.202309141235/tools/bin/../lib/gcc/arm-none-eabi/11.3.1/thumb/v7e-m+fp/hard/crtn.o
                0x0000000020030000                _estack = (ORIGIN (RAM) + LENGTH (RAM))
                0x0000000000000200                _Min_Heap_Size = 0x200
                0x0000000000000400                _Min_Stack_Size = 0x400

.isr_vector     0x0000000008000000      0x1ac
                0x0000000008000000                . = ALIGN (0x4)
 *(.isr_vector)
 .isr_vector    0x0000000008000000      0x1ac ./Core/Startup/startup_stm32f429zitx.o
                0x0000000008000000                g_pfnVectors
                0x00000000080001ac                . = ALIGN (0x4)

.text           0x00000000080001b0     0xe110
                0x00000000080001b0                . = ALIGN (0x4)
 *(.text)
 .text          0x00000000080001b0       0x40 /opt/st/stm32cubeide_1.14.0/plugins/com.st.stm32cube.ide.mcu.externaltools.gnu-tools-for-stm32.11.3.rel1.linux64_1.1.100.202309141235/tools/bin/../lib/gcc/arm-none-eabi/11.3.1/thumb/v7e-m+fp/hard/crtbegin.o
 .text          0x00000000080001f0       0x94 ./Middlewares/Third_Party/SystemView/SEGGER/SEGGER_RTT_ASM_ARMv7M.o
                0x00000000080001f0                SEGGER_RTT_ASM_WriteSkipNoLock
 *fill*         0x0000000008000284        0xc 
 .text          0x0000000008000290       0xa0 /opt/st/stm32cubeide_1.14.0/plugins/com.st.stm32cube.ide.mcu.externaltools.gnu-tools-for-stm32.11.3.rel1.linux64_1.1.100.202309141235/tools/bin/../lib/gcc/arm-none-eabi/11.3.1/../../../../arm-none-eabi/lib/thumb/v7e-m+fp/hard/libc_nano.a(libc_a-memchr.o)
                0x0000000008000290                memchr
 .text          0x0000000008000330      0x378 /opt/st/stm32cubeide_1.14.0/plugins/com.st.stm32cube.ide.mcu.externaltools.gnu-tools-for-stm32.11.3.rel1.linux64_1.1.100.202309141235/tools/bin/../lib/gcc/arm-none-eabi/11.3.1/thumb/v7e-m+fp/hard/libgcc.a(_arm_addsubdf3.o)
                0x0000000008000330                __aeabi_drsub
                0x0000000008000338                __aeabi_dsub
                0x0000000008000338                __subdf3
                0x000000000800033c                __adddf3
                0x000000000800033c                __aeabi_dadd
                0x00000000080005b4                __aeabi_ui2d
                0x00000000080005b4                __floatunsidf
                0x00000000080005d4                __floatsidf
                0x00000000080005d4                __aeabi_i2d
                0x00000000080005f8                __extendsfdf2
                0x00000000080005f8                __aeabi_f2d
                0x000000000800063c                __aeabi_ul2d
                0x000000000800063c                __floatundidf
                0x000000000800064c                __floatdidf
                0x000000000800064c                __aeabi_l2d
 .text          0x00000000080006a8      0x424 /opt/st/stm32cubeide_1.14.0/plugins/com.st.stm32cube.ide.mcu.externaltools.gnu-tools-for-stm32.11.3.rel1.linux64_1.1.100.202309141235/tools/bin/../lib/gcc/arm-none-eabi/11.3.1/thumb/v7e-m+fp/hard/libgcc.a(_arm_muldivdf3.o)
                0x00000000080006a8                __aeabi_dmul
                0x00000000080006a8                __muldf3
                0x00000000080008fc                __aeabi_ddiv
                0x00000000080008fc                __divdf3
 .text          0x0000000008000acc       0x40 /opt/st/stm32cubeide_1.14.0/plugins/com.st.stm32cube.ide.mcu.externaltools.gnu-tools-for-stm32.11.3.rel1.linux64_1.1.100.202309141235/tools/bin/../lib/gcc/arm-none-eabi/11.3.1/thumb/v7e-m+fp/hard/libgcc.a(_arm_fixunsdfsi.o)
                0x0000000008000acc                __fixunsdfsi
                0x0000000008000acc                __aeabi_d2uiz
 .text          0x0000000008000b0c       0xa0 /opt/st/stm32cubeide_1.14.0/plugins/com.st.stm32cube.ide.mcu.externaltools.gnu-tools-for-stm32.11.3.rel1.linux64_1.1.100.202309141235/tools/bin/../lib/gcc/arm-none-eabi/11.3.1/thumb/v7e-m+fp/hard/libgcc.a(_arm_truncdfsf2.o)
                0x0000000008000b0c                __aeabi_d2f
                0x0000000008000b0c                __truncdfsf2
 .text          0x0000000008000bac       0x30 /opt/st/stm32cubeide_1.14.0/plugins/com.st.stm32cube.ide.mcu.externaltools.gnu-tools-for-stm32.11.3.rel1.linux64_1.1.100.202309141235/tools/bin/../lib/gcc/arm-none-eabi/11.3.1/thumb/v7e-m+fp/hard/libgcc.a(_aeabi_uldivmod.o)
                0x0000000008000bac                __aeabi_uldivmod
 .text          0x0000000008000bdc      0x2c8 /opt/st/stm32cubeide_1.14.0/plugins/com.st.stm32cube.ide.mcu.externaltools.gnu-tools-for-stm32.11.3.rel1.linux64_1.1.100.202309141235/tools/bin/../lib/gcc/arm-none-eabi/11.3.1/thumb/v7e-m+fp/hard/libgcc.a(_udivmoddi4.o)
                0x0000000008000bdc                __udivmoddi4
 .text          0x0000000008000ea4        0x4 /opt/st/stm32cubeide_1.14.0/plugins/com.st.stm32cube.ide.mcu.externaltools.gnu-tools-for-stm32.11.3.rel1.linux64_1.1.100.202309141235/tools/bin/../lib/gcc/arm-none-eabi/11.3.1/thumb/v7e-m+fp/hard/libgcc.a(_dvmd_tls.o)
                0x0000000008000ea4                __aeabi_ldiv0
                0x0000000008000ea4                __aeabi_idiv0
 *(.text*)
 .text.ApplicationInit
                0x0000000008000ea8       0x1a ./Core/Src/ApplicationCode.o
                0x0000000008000ea8                ApplicationInit
 *fill*         0x0000000008000ec2        0x2 
 .text.itc_init
                0x0000000008000ec4      0x1ac ./Core/Src/ApplicationCode.o
                0x0000000008000ec4                itc_init
 .text.map_init
                0x0000000008001070        0xc ./Core/Src/ApplicationCode.o
                0x0000000008001070                map_init
 .text.gyro_callback
                0x000000000800107c       0x5c ./Core/Src/ApplicationCode.o
                0x000000000800107c                gyro_callback
 .text.physics_callback
                0x00000000080010d8      0x81c ./Core/Src/ApplicationCode.o
                0x00000000080010d8                physics_callback
 .text.game_time_callback
                0x00000000080018f4       0x4c ./Core/Src/ApplicationCode.o
                0x00000000080018f4                game_time_callback
 .text.lcd_led_callback
                0x0000000008001940      0x218 ./Core/Src/ApplicationCode.o
                0x0000000008001940                lcd_led_callback
 .text.disruptor_callback
                0x0000000008001b58       0x54 ./Core/Src/ApplicationCode.o
                0x0000000008001b58                disruptor_callback
 .text.disruptor_timer_callback
                0x0000000008001bac       0x54 ./Core/Src/ApplicationCode.o
                0x0000000008001bac                disruptor_timer_callback
 .text.monitor_callback
                0x0000000008001c00       0x90 ./Core/Src/ApplicationCode.o
                0x0000000008001c00                monitor_callback
 .text.monitor2_callback
                0x0000000008001c90       0x90 ./Core/Src/ApplicationCode.o
                0x0000000008001c90                monitor2_callback
 .text.lose_game
                0x0000000008001d20       0xf4 ./Core/Src/ApplicationCode.o
                0x0000000008001d20                lose_game
 .text.win_game
                0x0000000008001e14       0x84 ./Core/Src/ApplicationCode.o
                0x0000000008001e14                win_game
 .text.in_waypoint
                0x0000000008001e98      0x10c ./Core/Src/ApplicationCode.o
                0x0000000008001e98                in_waypoint
 .text.in_hole  0x0000000008001fa4       0xa0 ./Core/Src/ApplicationCode.o
                0x0000000008001fa4                in_hole
 .text.draw_tilt_indication
                0x0000000008002044       0x7c ./Core/Src/ApplicationCode.o
                0x0000000008002044                draw_tilt_indication
 .text.EXTI0_IRQHandler
                0x00000000080020c0       0x58 ./Core/Src/ApplicationCode.o
                0x00000000080020c0                EXTI0_IRQHandler
 .text.Gyro_Init
                0x0000000008002118       0x1a ./Core/Src/Gyro_Driver.o
                0x0000000008002118                Gyro_Init
 *fill*         0x0000000008002132        0x2 
 .text.Gyro_Power_On
                0x0000000008002134       0x88 ./Core/Src/Gyro_Driver.o
                0x0000000008002134                Gyro_Power_On
 .text.Gyro_Reboot
                0x00000000080021bc       0x78 ./Core/Src/Gyro_Driver.o
                0x00000000080021bc                Gyro_Reboot
 .text.Gyro_Get_Velocity_Y
                0x0000000008002234       0x64 ./Core/Src/Gyro_Driver.o
                0x0000000008002234                Gyro_Get_Velocity_Y
 .text.Gyro_Get_Velocity_X
                0x0000000008002298       0x64 ./Core/Src/Gyro_Driver.o
                0x0000000008002298                Gyro_Get_Velocity_X
 .text.Gyro_Config_Regs
                0x00000000080022fc       0xd4 ./Core/Src/Gyro_Driver.o
                0x00000000080022fc                Gyro_Config_Regs
 .text.Gyro_HAL_Check
                0x00000000080023d0       0x1c ./Core/Src/Gyro_Driver.o
                0x00000000080023d0                Gyro_HAL_Check
 .text.Gyro_Slave_Enable
                0x00000000080023ec       0x18 ./Core/Src/Gyro_Driver.o
                0x00000000080023ec                Gyro_Slave_Enable
 .text.Gyro_Slave_Disable
                0x0000000008002404       0x18 ./Core/Src/Gyro_Driver.o
                0x0000000008002404                Gyro_Slave_Disable
 .text.Gyro_Receive_Data
                0x000000000800241c       0x34 ./Core/Src/Gyro_Driver.o
                0x000000000800241c                Gyro_Receive_Data
 .text.Gyro_Transmit_Data
                0x0000000008002450       0x34 ./Core/Src/Gyro_Driver.o
                0x0000000008002450                Gyro_Transmit_Data
 .text.LCD_GPIO_Init
                0x0000000008002484      0x190 ./Core/Src/LCD_Driver.o
                0x0000000008002484                LCD_GPIO_Init
 .text.LTCD__Init
                0x0000000008002614       0xbc ./Core/Src/LCD_Driver.o
                0x0000000008002614                LTCD__Init
 .text.LTCD_Layer_Init
                0x00000000080026d0       0x80 ./Core/Src/LCD_Driver.o
                0x00000000080026d0                LTCD_Layer_Init
 .text.LCD_Draw_Pixel
                0x0000000008002750       0x3c ./Core/Src/LCD_Driver.o
                0x0000000008002750                LCD_Draw_Pixel
 .text.LCD_DrawChar
                0x000000000800278c       0xdc ./Core/Src/LCD_Driver.o
                0x000000000800278c                LCD_DrawChar
 .text.LCD_DisplayChar
                0x0000000008002868       0x44 ./Core/Src/LCD_Driver.o
                0x0000000008002868                LCD_DisplayChar
 .text.LCD_DisplayString
                0x00000000080028ac       0x4e ./Core/Src/LCD_Driver.o
                0x00000000080028ac                LCD_DisplayString
 *fill*         0x00000000080028fa        0x2 
 .text.LCD_DisplayNumber
                0x00000000080028fc      0x128 ./Core/Src/LCD_Driver.o
                0x00000000080028fc                LCD_DisplayNumber
 .text.LCD_SetTextColor
                0x0000000008002a24       0x20 ./Core/Src/LCD_Driver.o
                0x0000000008002a24                LCD_SetTextColor
 .text.LCD_SetFont
                0x0000000008002a44       0x20 ./Core/Src/LCD_Driver.o
                0x0000000008002a44                LCD_SetFont
 .text.LCD_Draw_Circle_Fill
                0x0000000008002a64       0xa6 ./Core/Src/LCD_Driver.o
                0x0000000008002a64                LCD_Draw_Circle_Fill
 .text.LCD_Draw_Horizontal_Line
                0x0000000008002b0a       0x4e ./Core/Src/LCD_Driver.o
                0x0000000008002b0a                LCD_Draw_Horizontal_Line
 .text.LCD_Draw_Vertical_Line
                0x0000000008002b58       0x4e ./Core/Src/LCD_Driver.o
                0x0000000008002b58                LCD_Draw_Vertical_Line
 *fill*         0x0000000008002ba6        0x2 
 .text.LCD_Clear
                0x0000000008002ba8       0x44 ./Core/Src/LCD_Driver.o
                0x0000000008002ba8                LCD_Clear
 .text.LCD_Error_Handler
                0x0000000008002bec        0x6 ./Core/Src/LCD_Driver.o
                0x0000000008002bec                LCD_Error_Handler
 .text.ili9341_Init
                0x0000000008002bf2      0x294 ./Core/Src/LCD_Driver.o
                0x0000000008002bf2                ili9341_Init
 .text.ili9341_Write_Reg
                0x0000000008002e86       0x1a ./Core/Src/LCD_Driver.o
                0x0000000008002e86                ili9341_Write_Reg
 .text.ili9341_Send_Data
                0x0000000008002ea0       0x1a ./Core/Src/LCD_Driver.o
                0x0000000008002ea0                ili9341_Send_Data
 *fill*         0x0000000008002eba        0x2 
 .text.SPI_Init
                0x0000000008002ebc       0x74 ./Core/Src/LCD_Driver.o
 .text.SPI_Write
                0x0000000008002f30       0x3c ./Core/Src/LCD_Driver.o
 .text.SPI_Error
                0x0000000008002f6c       0x18 ./Core/Src/LCD_Driver.o
 .text.SPI_MspInit
                0x0000000008002f84       0x74 ./Core/Src/LCD_Driver.o
 .text.LCD_IO_Init
                0x0000000008002ff8       0xf0 ./Core/Src/LCD_Driver.o
                0x0000000008002ff8                LCD_IO_Init
 .text.LCD_IO_WriteData
                0x00000000080030e8       0x44 ./Core/Src/LCD_Driver.o
                0x00000000080030e8                LCD_IO_WriteData
 .text.LCD_IO_WriteReg
                0x000000000800312c       0x44 ./Core/Src/LCD_Driver.o
                0x000000000800312c                LCD_IO_WriteReg
 .text.LCD_Delay
                0x0000000008003170       0x16 ./Core/Src/LCD_Driver.o
                0x0000000008003170                LCD_Delay
 *fill*         0x0000000008003186        0x2 
 .text.systemClockOverride
                0x0000000008003188       0x80 ./Core/Src/main.o
                0x0000000008003188                systemClockOverride
 .text.main     0x0000000008003208       0x68 ./Core/Src/main.o
                0x0000000008003208                main
 .text.MX_LTDC_Init
                0x0000000008003270      0x164 ./Core/Src/main.o
 .text.MX_RNG_Init
                0x00000000080033d4       0x28 ./Core/Src/main.o
 .text.MX_SPI5_Init
                0x00000000080033fc       0x6c ./Core/Src/main.o
 .text.MX_TIM11_Init
                0x0000000008003468       0x48 ./Core/Src/main.o
 .text.MX_GPIO_Init
                0x00000000080034b0      0x3c0 ./Core/Src/main.o
 .text.StartDefaultTask
                0x0000000008003870       0x12 ./Core/Src/main.o
                0x0000000008003870                StartDefaultTask
 .text.Error_Handler
                0x0000000008003882        0xa ./Core/Src/main.o
                0x0000000008003882                Error_Handler
 .text.maze_generation
                0x000000000800388c      0x724 ./Core/Src/maze.o
                0x000000000800388c                maze_generation
 .text.HAL_MspInit
                0x0000000008003fb0       0x58 ./Core/Src/stm32f4xx_hal_msp.o
                0x0000000008003fb0                HAL_MspInit
 .text.HAL_LTDC_MspInit
                0x0000000008004008      0x250 ./Core/Src/stm32f4xx_hal_msp.o
                0x0000000008004008                HAL_LTDC_MspInit
 .text.HAL_RNG_MspInit
                0x0000000008004258       0x50 ./Core/Src/stm32f4xx_hal_msp.o
                0x0000000008004258                HAL_RNG_MspInit
 .text.HAL_SPI_MspInit
                0x00000000080042a8       0x90 ./Core/Src/stm32f4xx_hal_msp.o
                0x00000000080042a8                HAL_SPI_MspInit
 .text.HAL_SPI_MspDeInit
                0x0000000008004338       0x3c ./Core/Src/stm32f4xx_hal_msp.o
                0x0000000008004338                HAL_SPI_MspDeInit
 .text.HAL_TIM_Base_MspInit
                0x0000000008004374       0x50 ./Core/Src/stm32f4xx_hal_msp.o
                0x0000000008004374                HAL_TIM_Base_MspInit
 .text.NMI_Handler
                0x00000000080043c4        0x6 ./Core/Src/stm32f4xx_it.o
                0x00000000080043c4                NMI_Handler
 .text.HardFault_Handler
                0x00000000080043ca        0x6 ./Core/Src/stm32f4xx_it.o
                0x00000000080043ca                HardFault_Handler
 .text.MemManage_Handler
                0x00000000080043d0        0x6 ./Core/Src/stm32f4xx_it.o
                0x00000000080043d0                MemManage_Handler
 .text.BusFault_Handler
                0x00000000080043d6        0x6 ./Core/Src/stm32f4xx_it.o
                0x00000000080043d6                BusFault_Handler
 .text.UsageFault_Handler
                0x00000000080043dc        0x6 ./Core/Src/stm32f4xx_it.o
                0x00000000080043dc                UsageFault_Handler
 .text.DebugMon_Handler
                0x00000000080043e2        0xe ./Core/Src/stm32f4xx_it.o
                0x00000000080043e2                DebugMon_Handler
 .text.SysTick_Handler
                0x00000000080043f0       0x1a ./Core/Src/stm32f4xx_it.o
                0x00000000080043f0                SysTick_Handler
 *fill*         0x000000000800440a        0x2 
 .text.TIM1_TRG_COM_TIM11_IRQHandler
                0x000000000800440c       0x14 ./Core/Src/stm32f4xx_it.o
                0x000000000800440c                TIM1_TRG_COM_TIM11_IRQHandler
 .text.HASH_RNG_IRQHandler
                0x0000000008004420       0x14 ./Core/Src/stm32f4xx_it.o
                0x0000000008004420                HASH_RNG_IRQHandler
 .text._getpid  0x0000000008004434       0x10 ./Core/Src/syscalls.o
                0x0000000008004434                _getpid
 .text._kill    0x0000000008004444       0x20 ./Core/Src/syscalls.o
                0x0000000008004444                _kill
 .text._exit    0x0000000008004464       0x14 ./Core/Src/syscalls.o
                0x0000000008004464                _exit
 .text._read    0x0000000008004478       0x3a ./Core/Src/syscalls.o
                0x0000000008004478                _read
 .text._write   0x00000000080044b2       0x38 ./Core/Src/syscalls.o
                0x00000000080044b2                _write
 .text._close   0x00000000080044ea       0x18 ./Core/Src/syscalls.o
                0x00000000080044ea                _close
 .text._fstat   0x0000000008004502       0x20 ./Core/Src/syscalls.o
                0x0000000008004502                _fstat
 .text._isatty  0x0000000008004522       0x16 ./Core/Src/syscalls.o
                0x0000000008004522                _isatty
 .text._lseek   0x0000000008004538       0x1a ./Core/Src/syscalls.o
                0x0000000008004538                _lseek
 *fill*         0x0000000008004552        0x2 
 .text._sbrk    0x0000000008004554       0x6c ./Core/Src/sysmem.o
                0x0000000008004554                _sbrk
 .text.SystemInit
                0x00000000080045c0       0x24 ./Core/Src/system_stm32f4xx.o
                0x00000000080045c0                SystemInit
 .text.Reset_Handler
                0x00000000080045e4       0x50 ./Core/Startup/startup_stm32f429zitx.o
                0x00000000080045e4                Reset_Handler
 .text.Default_Handler
                0x0000000008004634        0x2 ./Core/Startup/startup_stm32f429zitx.o
                0x0000000008004634                RTC_Alarm_IRQHandler
                0x0000000008004634                EXTI2_IRQHandler
                0x0000000008004634                TIM8_CC_IRQHandler
                0x0000000008004634                UART8_IRQHandler
                0x0000000008004634                SPI4_IRQHandler
                0x0000000008004634                TIM1_CC_IRQHandler
                0x0000000008004634                DMA2_Stream5_IRQHandler
                0x0000000008004634                DMA1_Stream5_IRQHandler
                0x0000000008004634                PVD_IRQHandler
                0x0000000008004634                SDIO_IRQHandler
                0x0000000008004634                TAMP_STAMP_IRQHandler
                0x0000000008004634                CAN2_RX1_IRQHandler
                0x0000000008004634                EXTI3_IRQHandler
                0x0000000008004634                TIM8_TRG_COM_TIM14_IRQHandler
                0x0000000008004634                TIM1_UP_TIM10_IRQHandler
                0x0000000008004634                TIM8_UP_TIM13_IRQHandler
                0x0000000008004634                I2C3_ER_IRQHandler
                0x0000000008004634                I2C2_EV_IRQHandler
                0x0000000008004634                DMA1_Stream2_IRQHandler
                0x0000000008004634                CAN1_RX0_IRQHandler
                0x0000000008004634                FPU_IRQHandler
                0x0000000008004634                OTG_HS_WKUP_IRQHandler
                0x0000000008004634                LTDC_ER_IRQHandler
                0x0000000008004634                CAN2_SCE_IRQHandler
                0x0000000008004634                DMA2_Stream2_IRQHandler
                0x0000000008004634                SPI1_IRQHandler
                0x0000000008004634                TIM6_DAC_IRQHandler
                0x0000000008004634                TIM1_BRK_TIM9_IRQHandler
                0x0000000008004634                DCMI_IRQHandler
                0x0000000008004634                CAN2_RX0_IRQHandler
                0x0000000008004634                DMA2_Stream3_IRQHandler
                0x0000000008004634                USART6_IRQHandler
                0x0000000008004634                USART3_IRQHandler
                0x0000000008004634                CAN1_RX1_IRQHandler
                0x0000000008004634                UART5_IRQHandler
                0x0000000008004634                DMA2_Stream0_IRQHandler
                0x0000000008004634                TIM4_IRQHandler
                0x0000000008004634                I2C1_EV_IRQHandler
                0x0000000008004634                DMA1_Stream6_IRQHandler
                0x0000000008004634                DMA1_Stream1_IRQHandler
                0x0000000008004634                UART4_IRQHandler
                0x0000000008004634                TIM3_IRQHandler
                0x0000000008004634                RCC_IRQHandler
                0x0000000008004634                TIM8_BRK_TIM12_IRQHandler
                0x0000000008004634                Default_Handler
                0x0000000008004634                EXTI15_10_IRQHandler
                0x0000000008004634                ADC_IRQHandler
                0x0000000008004634                DMA1_Stream7_IRQHandler
                0x0000000008004634                SPI5_IRQHandler
                0x0000000008004634                CAN2_TX_IRQHandler
                0x0000000008004634                TIM5_IRQHandler
                0x0000000008004634                DMA2_Stream7_IRQHandler
                0x0000000008004634                I2C3_EV_IRQHandler
                0x0000000008004634                EXTI9_5_IRQHandler
                0x0000000008004634                RTC_WKUP_IRQHandler
                0x0000000008004634                LTDC_IRQHandler
                0x0000000008004634                ETH_WKUP_IRQHandler
                0x0000000008004634                SPI2_IRQHandler
                0x0000000008004634                OTG_HS_EP1_IN_IRQHandler
                0x0000000008004634                DMA1_Stream0_IRQHandler
                0x0000000008004634                CAN1_TX_IRQHandler
                0x0000000008004634                EXTI4_IRQHandler
                0x0000000008004634                ETH_IRQHandler
                0x0000000008004634                OTG_HS_EP1_OUT_IRQHandler
                0x0000000008004634                WWDG_IRQHandler
                0x0000000008004634                SPI6_IRQHandler
                0x0000000008004634                TIM2_IRQHandler
                0x0000000008004634                OTG_FS_WKUP_IRQHandler
                0x0000000008004634                OTG_HS_IRQHandler
                0x0000000008004634                DMA2D_IRQHandler
                0x0000000008004634                EXTI1_IRQHandler
                0x0000000008004634                UART7_IRQHandler
                0x0000000008004634                USART2_IRQHandler
                0x0000000008004634                I2C2_ER_IRQHandler
                0x0000000008004634                DMA2_Stream1_IRQHandler
                0x0000000008004634                CAN1_SCE_IRQHandler
                0x0000000008004634                FLASH_IRQHandler
                0x0000000008004634                DMA2_Stream4_IRQHandler
                0x0000000008004634                USART1_IRQHandler
                0x0000000008004634                OTG_FS_IRQHandler
                0x0000000008004634                SPI3_IRQHandler
                0x0000000008004634                DMA1_Stream4_IRQHandler
                0x0000000008004634                I2C1_ER_IRQHandler
                0x0000000008004634                FMC_IRQHandler
                0x0000000008004634                DMA2_Stream6_IRQHandler
                0x0000000008004634                SAI1_IRQHandler
                0x0000000008004634                DMA1_Stream3_IRQHandler
 *fill*         0x0000000008004636        0x2 
 .text.HAL_Init
                0x0000000008004638       0x44 ./Drivers/STM32F4xx_HAL_Driver/Src/stm32f4xx_hal.o
                0x0000000008004638                HAL_Init
 .text.HAL_InitTick
                0x000000000800467c       0x60 ./Drivers/STM32F4xx_HAL_Driver/Src/stm32f4xx_hal.o
                0x000000000800467c                HAL_InitTick
 .text.HAL_IncTick
                0x00000000080046dc       0x28 ./Drivers/STM32F4xx_HAL_Driver/Src/stm32f4xx_hal.o
                0x00000000080046dc                HAL_IncTick
 .text.HAL_GetTick
                0x0000000008004704       0x18 ./Drivers/STM32F4xx_HAL_Driver/Src/stm32f4xx_hal.o
                0x0000000008004704                HAL_GetTick
 .text.__NVIC_SetPriorityGrouping
                0x000000000800471c       0x48 ./Drivers/STM32F4xx_HAL_Driver/Src/stm32f4xx_hal_cortex.o
 .text.__NVIC_GetPriorityGrouping
                0x0000000008004764       0x1c ./Drivers/STM32F4xx_HAL_Driver/Src/stm32f4xx_hal_cortex.o
 .text.__NVIC_EnableIRQ
                0x0000000008004780       0x3c ./Drivers/STM32F4xx_HAL_Driver/Src/stm32f4xx_hal_cortex.o
 .text.__NVIC_ClearPendingIRQ
                0x00000000080047bc       0x3c ./Drivers/STM32F4xx_HAL_Driver/Src/stm32f4xx_hal_cortex.o
 .text.__NVIC_SetPriority
                0x00000000080047f8       0x54 ./Drivers/STM32F4xx_HAL_Driver/Src/stm32f4xx_hal_cortex.o
 .text.NVIC_EncodePriority
                0x000000000800484c       0x66 ./Drivers/STM32F4xx_HAL_Driver/Src/stm32f4xx_hal_cortex.o
 *fill*         0x00000000080048b2        0x2 
 .text.SysTick_Config
                0x00000000080048b4       0x44 ./Drivers/STM32F4xx_HAL_Driver/Src/stm32f4xx_hal_cortex.o
 .text.HAL_NVIC_SetPriorityGrouping
                0x00000000080048f8       0x16 ./Drivers/STM32F4xx_HAL_Driver/Src/stm32f4xx_hal_cortex.o
                0x00000000080048f8                HAL_NVIC_SetPriorityGrouping
 .text.HAL_NVIC_SetPriority
                0x000000000800490e       0x38 ./Drivers/STM32F4xx_HAL_Driver/Src/stm32f4xx_hal_cortex.o
                0x000000000800490e                HAL_NVIC_SetPriority
 .text.HAL_NVIC_EnableIRQ
                0x0000000008004946       0x1c ./Drivers/STM32F4xx_HAL_Driver/Src/stm32f4xx_hal_cortex.o
                0x0000000008004946                HAL_NVIC_EnableIRQ
 .text.HAL_SYSTICK_Config
                0x0000000008004962       0x18 ./Drivers/STM32F4xx_HAL_Driver/Src/stm32f4xx_hal_cortex.o
                0x0000000008004962                HAL_SYSTICK_Config
 .text.HAL_NVIC_ClearPendingIRQ
                0x000000000800497a       0x1c ./Drivers/STM32F4xx_HAL_Driver/Src/stm32f4xx_hal_cortex.o
                0x000000000800497a                HAL_NVIC_ClearPendingIRQ
 *fill*         0x0000000008004996        0x2 
 .text.HAL_GPIO_Init
                0x0000000008004998      0x358 ./Drivers/STM32F4xx_HAL_Driver/Src/stm32f4xx_hal_gpio.o
                0x0000000008004998                HAL_GPIO_Init
 .text.HAL_GPIO_DeInit
                0x0000000008004cf0      0x218 ./Drivers/STM32F4xx_HAL_Driver/Src/stm32f4xx_hal_gpio.o
                0x0000000008004cf0                HAL_GPIO_DeInit
 .text.HAL_GPIO_ReadPin
                0x0000000008004f08       0x30 ./Drivers/STM32F4xx_HAL_Driver/Src/stm32f4xx_hal_gpio.o
                0x0000000008004f08                HAL_GPIO_ReadPin
 .text.HAL_GPIO_WritePin
                0x0000000008004f38       0x32 ./Drivers/STM32F4xx_HAL_Driver/Src/stm32f4xx_hal_gpio.o
                0x0000000008004f38                HAL_GPIO_WritePin
 .text.HAL_GPIO_TogglePin
                0x0000000008004f6a       0x34 ./Drivers/STM32F4xx_HAL_Driver/Src/stm32f4xx_hal_gpio.o
                0x0000000008004f6a                HAL_GPIO_TogglePin
 *fill*         0x0000000008004f9e        0x2 
 .text.HAL_LTDC_Init
                0x0000000008004fa0      0x1a0 ./Drivers/STM32F4xx_HAL_Driver/Src/stm32f4xx_hal_ltdc.o
                0x0000000008004fa0                HAL_LTDC_Init
 .text.HAL_LTDC_ConfigLayer
                0x0000000008005140       0x7c ./Drivers/STM32F4xx_HAL_Driver/Src/stm32f4xx_hal_ltdc.o
                0x0000000008005140                HAL_LTDC_ConfigLayer
 .text.LTDC_SetConfig
                0x00000000080051bc      0x32e ./Drivers/STM32F4xx_HAL_Driver/Src/stm32f4xx_hal_ltdc.o
 *fill*         0x00000000080054ea        0x2 
 .text.HAL_RCC_OscConfig
                0x00000000080054ec      0x4f0 ./Drivers/STM32F4xx_HAL_Driver/Src/stm32f4xx_hal_rcc.o
                0x00000000080054ec                HAL_RCC_OscConfig
 .text.HAL_RCC_ClockConfig
                0x00000000080059dc      0x1cc ./Drivers/STM32F4xx_HAL_Driver/Src/stm32f4xx_hal_rcc.o
                0x00000000080059dc                HAL_RCC_ClockConfig
 .text.HAL_RCC_GetSysClockFreq
                0x0000000008005ba8      0x20c ./Drivers/STM32F4xx_HAL_Driver/Src/stm32f4xx_hal_rcc.o
                0x0000000008005ba8                HAL_RCC_GetSysClockFreq
 .text.HAL_RCCEx_PeriphCLKConfig
                0x0000000008005db4      0x380 ./Drivers/STM32F4xx_HAL_Driver/Src/stm32f4xx_hal_rcc_ex.o
                0x0000000008005db4                HAL_RCCEx_PeriphCLKConfig
 .text.HAL_RNG_Init
                0x0000000008006134       0x54 ./Drivers/STM32F4xx_HAL_Driver/Src/stm32f4xx_hal_rng.o
                0x0000000008006134                HAL_RNG_Init
 .text.HAL_RNG_GenerateRandomNumber
                0x0000000008006188       0xac ./Drivers/STM32F4xx_HAL_Driver/Src/stm32f4xx_hal_rng.o
                0x0000000008006188                HAL_RNG_GenerateRandomNumber
 .text.HAL_RNG_IRQHandler
                0x0000000008006234       0xac ./Drivers/STM32F4xx_HAL_Driver/Src/stm32f4xx_hal_rng.o
                0x0000000008006234                HAL_RNG_IRQHandler
 .text.HAL_RNG_ReadyDataCallback
                0x00000000080062e0       0x16 ./Drivers/STM32F4xx_HAL_Driver/Src/stm32f4xx_hal_rng.o
                0x00000000080062e0                HAL_RNG_ReadyDataCallback
 .text.HAL_RNG_ErrorCallback
                0x00000000080062f6       0x14 ./Drivers/STM32F4xx_HAL_Driver/Src/stm32f4xx_hal_rng.o
                0x00000000080062f6                HAL_RNG_ErrorCallback
 .text.HAL_SPI_Init
                0x000000000800630a      0x112 ./Drivers/STM32F4xx_HAL_Driver/Src/stm32f4xx_hal_spi.o
                0x000000000800630a                HAL_SPI_Init
 .text.HAL_SPI_DeInit
                0x000000000800641c       0x50 ./Drivers/STM32F4xx_HAL_Driver/Src/stm32f4xx_hal_spi.o
                0x000000000800641c                HAL_SPI_DeInit
 .text.HAL_SPI_Transmit
                0x000000000800646c      0x278 ./Drivers/STM32F4xx_HAL_Driver/Src/stm32f4xx_hal_spi.o
                0x000000000800646c                HAL_SPI_Transmit
 .text.HAL_SPI_Receive
                0x00000000080066e4      0x222 ./Drivers/STM32F4xx_HAL_Driver/Src/stm32f4xx_hal_spi.o
                0x00000000080066e4                HAL_SPI_Receive
 .text.HAL_SPI_TransmitReceive
                0x0000000008006906      0x344 ./Drivers/STM32F4xx_HAL_Driver/Src/stm32f4xx_hal_spi.o
                0x0000000008006906                HAL_SPI_TransmitReceive
 .text.HAL_SPI_GetState
                0x0000000008006c4a       0x1c ./Drivers/STM32F4xx_HAL_Driver/Src/stm32f4xx_hal_spi.o
                0x0000000008006c4a                HAL_SPI_GetState
 *fill*         0x0000000008006c66        0x2 
 .text.SPI_WaitFlagStateUntilTimeout
                0x0000000008006c68      0x110 ./Drivers/STM32F4xx_HAL_Driver/Src/stm32f4xx_hal_spi.o
 .text.SPI_EndRxTransaction
                0x0000000008006d78       0xca ./Drivers/STM32F4xx_HAL_Driver/Src/stm32f4xx_hal_spi.o
 *fill*         0x0000000008006e42        0x2 
 .text.SPI_EndRxTxTransaction
                0x0000000008006e44       0x84 ./Drivers/STM32F4xx_HAL_Driver/Src/stm32f4xx_hal_spi.o
 .text.HAL_TIM_Base_Init
                0x0000000008006ec8       0x9e ./Drivers/STM32F4xx_HAL_Driver/Src/stm32f4xx_hal_tim.o
                0x0000000008006ec8                HAL_TIM_Base_Init
 .text.HAL_TIM_IRQHandler
                0x0000000008006f66      0x210 ./Drivers/STM32F4xx_HAL_Driver/Src/stm32f4xx_hal_tim.o
                0x0000000008006f66                HAL_TIM_IRQHandler
 .text.HAL_TIM_PeriodElapsedCallback
                0x0000000008007176       0x14 ./Drivers/STM32F4xx_HAL_Driver/Src/stm32f4xx_hal_tim.o
                0x0000000008007176                HAL_TIM_PeriodElapsedCallback
 .text.HAL_TIM_OC_DelayElapsedCallback
                0x000000000800718a       0x14 ./Drivers/STM32F4xx_HAL_Driver/Src/stm32f4xx_hal_tim.o
                0x000000000800718a                HAL_TIM_OC_DelayElapsedCallback
 .text.HAL_TIM_IC_CaptureCallback
                0x000000000800719e       0x14 ./Drivers/STM32F4xx_HAL_Driver/Src/stm32f4xx_hal_tim.o
                0x000000000800719e                HAL_TIM_IC_CaptureCallback
 .text.HAL_TIM_PWM_PulseFinishedCallback
                0x00000000080071b2       0x14 ./Drivers/STM32F4xx_HAL_Driver/Src/stm32f4xx_hal_tim.o
                0x00000000080071b2                HAL_TIM_PWM_PulseFinishedCallback
 .text.HAL_TIM_TriggerCallback
                0x00000000080071c6       0x14 ./Drivers/STM32F4xx_HAL_Driver/Src/stm32f4xx_hal_tim.o
                0x00000000080071c6                HAL_TIM_TriggerCallback
 *fill*         0x00000000080071da        0x2 
 .text.TIM_Base_SetConfig
                0x00000000080071dc      0x140 ./Drivers/STM32F4xx_HAL_Driver/Src/stm32f4xx_hal_tim.o
                0x00000000080071dc                TIM_Base_SetConfig
 .text.HAL_TIMEx_CommutCallback
                0x000000000800731c       0x14 ./Drivers/STM32F4xx_HAL_Driver/Src/stm32f4xx_hal_tim_ex.o
                0x000000000800731c                HAL_TIMEx_CommutCallback
 .text.HAL_TIMEx_BreakCallback
                0x0000000008007330       0x14 ./Drivers/STM32F4xx_HAL_Driver/Src/stm32f4xx_hal_tim_ex.o
                0x0000000008007330                HAL_TIMEx_BreakCallback
 .text.__NVIC_SetPriority
                0x0000000008007344       0x54 ./Middlewares/Third_Party/FreeRTOS/Source/CMSIS_RTOS_V2/cmsis_os2.o
 .text.SVC_Setup
                0x0000000008007398       0x12 ./Middlewares/Third_Party/FreeRTOS/Source/CMSIS_RTOS_V2/cmsis_os2.o
 *fill*         0x00000000080073aa        0x2 
 .text.osKernelInitialize
                0x00000000080073ac       0x48 ./Middlewares/Third_Party/FreeRTOS/Source/CMSIS_RTOS_V2/cmsis_os2.o
                0x00000000080073ac                osKernelInitialize
 .text.osKernelStart
                0x00000000080073f4       0x4c ./Middlewares/Third_Party/FreeRTOS/Source/CMSIS_RTOS_V2/cmsis_os2.o
                0x00000000080073f4                osKernelStart
 .text.osThreadNew
                0x0000000008007440      0x124 ./Middlewares/Third_Party/FreeRTOS/Source/CMSIS_RTOS_V2/cmsis_os2.o
                0x0000000008007440                osThreadNew
 .text.osThreadTerminate
                0x0000000008007564       0x5a ./Middlewares/Third_Party/FreeRTOS/Source/CMSIS_RTOS_V2/cmsis_os2.o
                0x0000000008007564                osThreadTerminate
 .text.osDelay  0x00000000080075be       0x36 ./Middlewares/Third_Party/FreeRTOS/Source/CMSIS_RTOS_V2/cmsis_os2.o
                0x00000000080075be                osDelay
 .text.TimerCallback
                0x00000000080075f4       0x2a ./Middlewares/Third_Party/FreeRTOS/Source/CMSIS_RTOS_V2/cmsis_os2.o
 *fill*         0x000000000800761e        0x2 
 .text.osTimerNew
                0x0000000008007620       0xf8 ./Middlewares/Third_Party/FreeRTOS/Source/CMSIS_RTOS_V2/cmsis_os2.o
                0x0000000008007620                osTimerNew
 .text.osTimerStart
                0x0000000008007718       0x5c ./Middlewares/Third_Party/FreeRTOS/Source/CMSIS_RTOS_V2/cmsis_os2.o
                0x0000000008007718                osTimerStart
 .text.osEventFlagsNew
                0x0000000008007774       0x7e ./Middlewares/Third_Party/FreeRTOS/Source/CMSIS_RTOS_V2/cmsis_os2.o
                0x0000000008007774                osEventFlagsNew
 *fill*         0x00000000080077f2        0x2 
 .text.osEventFlagsSet
                0x00000000080077f4       0x88 ./Middlewares/Third_Party/FreeRTOS/Source/CMSIS_RTOS_V2/cmsis_os2.o
                0x00000000080077f4                osEventFlagsSet
 .text.osEventFlagsWait
                0x000000000800787c       0xcc ./Middlewares/Third_Party/FreeRTOS/Source/CMSIS_RTOS_V2/cmsis_os2.o
                0x000000000800787c                osEventFlagsWait
 .text.osMutexNew
                0x0000000008007948      0x10c ./Middlewares/Third_Party/FreeRTOS/Source/CMSIS_RTOS_V2/cmsis_os2.o
                0x0000000008007948                osMutexNew
 .text.osMutexAcquire
                0x0000000008007a54       0x96 ./Middlewares/Third_Party/FreeRTOS/Source/CMSIS_RTOS_V2/cmsis_os2.o
                0x0000000008007a54                osMutexAcquire
 .text.osMutexRelease
                0x0000000008007aea       0x7a ./Middlewares/Third_Party/FreeRTOS/Source/CMSIS_RTOS_V2/cmsis_os2.o
                0x0000000008007aea                osMutexRelease
 .text.vApplicationGetIdleTaskMemory
                0x0000000008007b64       0x34 ./Middlewares/Third_Party/FreeRTOS/Source/CMSIS_RTOS_V2/cmsis_os2.o
                0x0000000008007b64                vApplicationGetIdleTaskMemory
 .text.vApplicationGetTimerTaskMemory
                0x0000000008007b98       0x34 ./Middlewares/Third_Party/FreeRTOS/Source/CMSIS_RTOS_V2/cmsis_os2.o
                0x0000000008007b98                vApplicationGetTimerTaskMemory
 .text.xEventGroupCreateStatic
                0x0000000008007bcc       0x6e ./Middlewares/Third_Party/FreeRTOS/Source/event_groups.o
                0x0000000008007bcc                xEventGroupCreateStatic
 .text.xEventGroupCreate
                0x0000000008007c3a       0x34 ./Middlewares/Third_Party/FreeRTOS/Source/event_groups.o
                0x0000000008007c3a                xEventGroupCreate
 *fill*         0x0000000008007c6e        0x2 
 .text.xEventGroupWaitBits
                0x0000000008007c70      0x19c ./Middlewares/Third_Party/FreeRTOS/Source/event_groups.o
                0x0000000008007c70                xEventGroupWaitBits
 .text.xEventGroupSetBits
                0x0000000008007e0c      0x116 ./Middlewares/Third_Party/FreeRTOS/Source/event_groups.o
                0x0000000008007e0c                xEventGroupSetBits
 .text.vEventGroupSetBitsCallback
                0x0000000008007f22       0x1a ./Middlewares/Third_Party/FreeRTOS/Source/event_groups.o
                0x0000000008007f22                vEventGroupSetBitsCallback
 .text.prvTestWaitCondition
                0x0000000008007f3c       0x44 ./Middlewares/Third_Party/FreeRTOS/Source/event_groups.o
 .text.xEventGroupSetBitsFromISR
                0x0000000008007f80       0x28 ./Middlewares/Third_Party/FreeRTOS/Source/event_groups.o
                0x0000000008007f80                xEventGroupSetBitsFromISR
 .text.vListInitialise
                0x0000000008007fa8       0x40 ./Middlewares/Third_Party/FreeRTOS/Source/list.o
                0x0000000008007fa8                vListInitialise
 .text.vListInitialiseItem
                0x0000000008007fe8       0x1a ./Middlewares/Third_Party/FreeRTOS/Source/list.o
                0x0000000008007fe8                vListInitialiseItem
 .text.vListInsertEnd
                0x0000000008008002       0x48 ./Middlewares/Third_Party/FreeRTOS/Source/list.o
                0x0000000008008002                vListInsertEnd
 .text.vListInsert
                0x000000000800804a       0x72 ./Middlewares/Third_Party/FreeRTOS/Source/list.o
                0x000000000800804a                vListInsert
 .text.uxListRemove
                0x00000000080080bc       0x54 ./Middlewares/Third_Party/FreeRTOS/Source/list.o
                0x00000000080080bc                uxListRemove
 .text.xQueueGenericReset
                0x0000000008008110       0xd0 ./Middlewares/Third_Party/FreeRTOS/Source/queue.o
                0x0000000008008110                xQueueGenericReset
 .text.xQueueGenericCreateStatic
                0x00000000080081e0       0xf0 ./Middlewares/Third_Party/FreeRTOS/Source/queue.o
                0x00000000080081e0                xQueueGenericCreateStatic
 .text.xQueueGenericCreate
                0x00000000080082d0       0x74 ./Middlewares/Third_Party/FreeRTOS/Source/queue.o
                0x00000000080082d0                xQueueGenericCreate
 .text.prvInitialiseNewQueue
                0x0000000008008344       0x52 ./Middlewares/Third_Party/FreeRTOS/Source/queue.o
 .text.prvInitialiseMutex
                0x0000000008008396       0x34 ./Middlewares/Third_Party/FreeRTOS/Source/queue.o
 .text.xQueueCreateMutex
                0x00000000080083ca       0x30 ./Middlewares/Third_Party/FreeRTOS/Source/queue.o
                0x00000000080083ca                xQueueCreateMutex
 .text.xQueueCreateMutexStatic
                0x00000000080083fa       0x36 ./Middlewares/Third_Party/FreeRTOS/Source/queue.o
                0x00000000080083fa                xQueueCreateMutexStatic
 .text.xQueueGiveMutexRecursive
                0x0000000008008430       0x68 ./Middlewares/Third_Party/FreeRTOS/Source/queue.o
                0x0000000008008430                xQueueGiveMutexRecursive
 .text.xQueueTakeMutexRecursive
                0x0000000008008498       0x6c ./Middlewares/Third_Party/FreeRTOS/Source/queue.o
                0x0000000008008498                xQueueTakeMutexRecursive
 .text.xQueueGenericSend
                0x0000000008008504      0x24c ./Middlewares/Third_Party/FreeRTOS/Source/queue.o
                0x0000000008008504                xQueueGenericSend
 .text.xQueueGenericSendFromISR
                0x0000000008008750      0x15e ./Middlewares/Third_Party/FreeRTOS/Source/queue.o
                0x0000000008008750                xQueueGenericSendFromISR
 *fill*         0x00000000080088ae        0x2 
 .text.xQueueReceive
                0x00000000080088b0      0x220 ./Middlewares/Third_Party/FreeRTOS/Source/queue.o
                0x00000000080088b0                xQueueReceive
 .text.xQueueSemaphoreTake
                0x0000000008008ad0      0x278 ./Middlewares/Third_Party/FreeRTOS/Source/queue.o
                0x0000000008008ad0                xQueueSemaphoreTake
 .text.prvGetDisinheritPriorityAfterTimeout
                0x0000000008008d48       0x30 ./Middlewares/Third_Party/FreeRTOS/Source/queue.o
 .text.prvCopyDataToQueue
                0x0000000008008d78       0xd4 ./Middlewares/Third_Party/FreeRTOS/Source/queue.o
 .text.prvCopyDataFromQueue
                0x0000000008008e4c       0x4c ./Middlewares/Third_Party/FreeRTOS/Source/queue.o
 .text.prvUnlockQueue
                0x0000000008008e98       0xa4 ./Middlewares/Third_Party/FreeRTOS/Source/queue.o
 .text.prvIsQueueEmpty
                0x0000000008008f3c       0x2c ./Middlewares/Third_Party/FreeRTOS/Source/queue.o
 .text.prvIsQueueFull
                0x0000000008008f68       0x30 ./Middlewares/Third_Party/FreeRTOS/Source/queue.o
 .text.vQueueAddToRegistry
                0x0000000008008f98       0x64 ./Middlewares/Third_Party/FreeRTOS/Source/queue.o
                0x0000000008008f98                vQueueAddToRegistry
 .text.vQueueWaitForMessageRestricted
                0x0000000008008ffc       0x68 ./Middlewares/Third_Party/FreeRTOS/Source/queue.o
                0x0000000008008ffc                vQueueWaitForMessageRestricted
 .text.xTaskCreateStatic
                0x0000000008009064       0xba ./Middlewares/Third_Party/FreeRTOS/Source/tasks.o
                0x0000000008009064                xTaskCreateStatic
 .text.xTaskCreate
                0x000000000800911e       0x8a ./Middlewares/Third_Party/FreeRTOS/Source/tasks.o
                0x000000000800911e                xTaskCreate
 .text.prvInitialiseNewTask
                0x00000000080091a8      0x14c ./Middlewares/Third_Party/FreeRTOS/Source/tasks.o
 .text.prvAddNewTaskToReadyList
                0x00000000080092f4      0x11c ./Middlewares/Third_Party/FreeRTOS/Source/tasks.o
 .text.vTaskDelete
                0x0000000008009410      0x118 ./Middlewares/Third_Party/FreeRTOS/Source/tasks.o
                0x0000000008009410                vTaskDelete
 .text.vTaskDelay
                0x0000000008009528       0x70 ./Middlewares/Third_Party/FreeRTOS/Source/tasks.o
                0x0000000008009528                vTaskDelay
 .text.eTaskGetState
                0x0000000008009598       0xcc ./Middlewares/Third_Party/FreeRTOS/Source/tasks.o
                0x0000000008009598                eTaskGetState
 .text.vTaskStartScheduler
                0x0000000008009664      0x104 ./Middlewares/Third_Party/FreeRTOS/Source/tasks.o
                0x0000000008009664                vTaskStartScheduler
 .text.vTaskSuspendAll
                0x0000000008009768       0x1c ./Middlewares/Third_Party/FreeRTOS/Source/tasks.o
                0x0000000008009768                vTaskSuspendAll
 .text.xTaskResumeAll
                0x0000000008009784      0x144 ./Middlewares/Third_Party/FreeRTOS/Source/tasks.o
                0x0000000008009784                xTaskResumeAll
 .text.xTaskGetTickCount
                0x00000000080098c8       0x20 ./Middlewares/Third_Party/FreeRTOS/Source/tasks.o
                0x00000000080098c8                xTaskGetTickCount
 .text.xTaskGetTickCountFromISR
                0x00000000080098e8       0x24 ./Middlewares/Third_Party/FreeRTOS/Source/tasks.o
                0x00000000080098e8                xTaskGetTickCountFromISR
 .text.xTaskIncrementTick
                0x000000000800990c      0x17c ./Middlewares/Third_Party/FreeRTOS/Source/tasks.o
                0x000000000800990c                xTaskIncrementTick
 .text.vTaskSwitchContext
                0x0000000008009a88       0xf0 ./Middlewares/Third_Party/FreeRTOS/Source/tasks.o
                0x0000000008009a88                vTaskSwitchContext
 .text.vTaskPlaceOnEventList
                0x0000000008009b78       0x48 ./Middlewares/Third_Party/FreeRTOS/Source/tasks.o
                0x0000000008009b78                vTaskPlaceOnEventList
 .text.vTaskPlaceOnUnorderedEventList
                0x0000000008009bc0       0x78 ./Middlewares/Third_Party/FreeRTOS/Source/tasks.o
                0x0000000008009bc0                vTaskPlaceOnUnorderedEventList
 .text.vTaskPlaceOnEventListRestricted
                0x0000000008009c38       0x5c ./Middlewares/Third_Party/FreeRTOS/Source/tasks.o
                0x0000000008009c38                vTaskPlaceOnEventListRestricted
 .text.xTaskRemoveFromEventList
                0x0000000008009c94       0xd0 ./Middlewares/Third_Party/FreeRTOS/Source/tasks.o
                0x0000000008009c94                xTaskRemoveFromEventList
 .text.vTaskRemoveFromUnorderedEventList
                0x0000000008009d64       0xcc ./Middlewares/Third_Party/FreeRTOS/Source/tasks.o
                0x0000000008009d64                vTaskRemoveFromUnorderedEventList
 .text.vTaskInternalSetTimeOutState
                0x0000000008009e30       0x2c ./Middlewares/Third_Party/FreeRTOS/Source/tasks.o
                0x0000000008009e30                vTaskInternalSetTimeOutState
 .text.xTaskCheckForTimeOut
                0x0000000008009e5c       0xc4 ./Middlewares/Third_Party/FreeRTOS/Source/tasks.o
                0x0000000008009e5c                xTaskCheckForTimeOut
 .text.vTaskMissedYield
                0x0000000008009f20       0x18 ./Middlewares/Third_Party/FreeRTOS/Source/tasks.o
                0x0000000008009f20                vTaskMissedYield
 .text.prvIdleTask
                0x0000000008009f38       0x30 ./Middlewares/Third_Party/FreeRTOS/Source/tasks.o
 .text.prvInitialiseTaskLists
                0x0000000008009f68       0x80 ./Middlewares/Third_Party/FreeRTOS/Source/tasks.o
 .text.prvCheckTasksWaitingTermination
                0x0000000008009fe8       0x5c ./Middlewares/Third_Party/FreeRTOS/Source/tasks.o
 .text.prvTaskCheckFreeStackSpace
                0x000000000800a044       0x38 ./Middlewares/Third_Party/FreeRTOS/Source/tasks.o
 .text.uxTaskGetStackHighWaterMark
                0x000000000800a07c       0x38 ./Middlewares/Third_Party/FreeRTOS/Source/tasks.o
                0x000000000800a07c                uxTaskGetStackHighWaterMark
 .text.prvDeleteTCB
                0x000000000800a0b4       0x68 ./Middlewares/Third_Party/FreeRTOS/Source/tasks.o
 .text.prvResetNextTaskUnblockTime
                0x000000000800a11c       0x40 ./Middlewares/Third_Party/FreeRTOS/Source/tasks.o
 .text.xTaskGetCurrentTaskHandle
                0x000000000800a15c       0x20 ./Middlewares/Third_Party/FreeRTOS/Source/tasks.o
                0x000000000800a15c                xTaskGetCurrentTaskHandle
 .text.xTaskGetSchedulerState
                0x000000000800a17c       0x3c ./Middlewares/Third_Party/FreeRTOS/Source/tasks.o
                0x000000000800a17c                xTaskGetSchedulerState
 .text.xTaskPriorityInherit
                0x000000000800a1b8       0xe4 ./Middlewares/Third_Party/FreeRTOS/Source/tasks.o
                0x000000000800a1b8                xTaskPriorityInherit
 .text.xTaskPriorityDisinherit
                0x000000000800a29c       0xec ./Middlewares/Third_Party/FreeRTOS/Source/tasks.o
                0x000000000800a29c                xTaskPriorityDisinherit
 .text.vTaskPriorityDisinheritAfterTimeout
                0x000000000800a388      0x114 ./Middlewares/Third_Party/FreeRTOS/Source/tasks.o
                0x000000000800a388                vTaskPriorityDisinheritAfterTimeout
 .text.uxTaskResetEventItemValue
                0x000000000800a49c       0x30 ./Middlewares/Third_Party/FreeRTOS/Source/tasks.o
                0x000000000800a49c                uxTaskResetEventItemValue
 .text.pvTaskIncrementMutexHeldCount
                0x000000000800a4cc       0x28 ./Middlewares/Third_Party/FreeRTOS/Source/tasks.o
                0x000000000800a4cc                pvTaskIncrementMutexHeldCount
 .text.prvAddCurrentTaskToDelayedList
                0x000000000800a4f4       0xa8 ./Middlewares/Third_Party/FreeRTOS/Source/tasks.o
 .text.xTimerCreateTimerTask
                0x000000000800a59c       0x90 ./Middlewares/Third_Party/FreeRTOS/Source/timers.o
                0x000000000800a59c                xTimerCreateTimerTask
 .text.xTimerCreate
                0x000000000800a62c       0x42 ./Middlewares/Third_Party/FreeRTOS/Source/timers.o
                0x000000000800a62c                xTimerCreate
 .text.xTimerCreateStatic
                0x000000000800a66e       0x7c ./Middlewares/Third_Party/FreeRTOS/Source/timers.o
                0x000000000800a66e                xTimerCreateStatic
 .text.prvInitialiseNewTimer
                0x000000000800a6ea       0x76 ./Middlewares/Third_Party/FreeRTOS/Source/timers.o
 .text.xTimerGenericCommand
                0x000000000800a760       0x9c ./Middlewares/Third_Party/FreeRTOS/Source/timers.o
                0x000000000800a760                xTimerGenericCommand
 .text.prvProcessExpiredTimer
                0x000000000800a7fc       0x98 ./Middlewares/Third_Party/FreeRTOS/Source/timers.o
 .text.prvTimerTask
                0x000000000800a894       0x24 ./Middlewares/Third_Party/FreeRTOS/Source/timers.o
 .text.prvProcessTimerOrBlockTask
                0x000000000800a8b8       0x9c ./Middlewares/Third_Party/FreeRTOS/Source/timers.o
 .text.prvGetNextExpireTime
                0x000000000800a954       0x48 ./Middlewares/Third_Party/FreeRTOS/Source/timers.o
 .text.prvSampleTimeNow
                0x000000000800a99c       0x40 ./Middlewares/Third_Party/FreeRTOS/Source/timers.o
 .text.prvInsertTimerInActiveList
                0x000000000800a9dc       0x84 ./Middlewares/Third_Party/FreeRTOS/Source/timers.o
 .text.prvProcessReceivedCommands
                0x000000000800aa60      0x1c4 ./Middlewares/Third_Party/FreeRTOS/Source/timers.o
 .text.prvSwitchTimerLists
                0x000000000800ac24       0xc8 ./Middlewares/Third_Party/FreeRTOS/Source/timers.o
 .text.prvCheckForValidListAndQueue
                0x000000000800acec       0x80 ./Middlewares/Third_Party/FreeRTOS/Source/timers.o
 .text.pvTimerGetTimerID
                0x000000000800ad6c       0x40 ./Middlewares/Third_Party/FreeRTOS/Source/timers.o
                0x000000000800ad6c                pvTimerGetTimerID
 .text.xTimerPendFunctionCallFromISR
                0x000000000800adac       0x40 ./Middlewares/Third_Party/FreeRTOS/Source/timers.o
                0x000000000800adac                xTimerPendFunctionCallFromISR
 .text.pxPortInitialiseStack
                0x000000000800adec       0x68 ./Middlewares/Third_Party/FreeRTOS/Source/portable/GCC/ARM_CM4F/port.o
                0x000000000800adec                pxPortInitialiseStack
 .text.prvTaskExitError
                0x000000000800ae54       0x58 ./Middlewares/Third_Party/FreeRTOS/Source/portable/GCC/ARM_CM4F/port.o
 *fill*         0x000000000800aeac        0x4 
 .text.SVC_Handler
                0x000000000800aeb0       0x28 ./Middlewares/Third_Party/FreeRTOS/Source/portable/GCC/ARM_CM4F/port.o
                0x000000000800aeb0                SVC_Handler
 .text.prvPortStartFirstTask
                0x000000000800aed8       0x28 ./Middlewares/Third_Party/FreeRTOS/Source/portable/GCC/ARM_CM4F/port.o
 .text.xPortStartScheduler
                0x000000000800af00      0x144 ./Middlewares/Third_Party/FreeRTOS/Source/portable/GCC/ARM_CM4F/port.o
                0x000000000800af00                xPortStartScheduler
 .text.vPortEnterCritical
                0x000000000800b044       0x60 ./Middlewares/Third_Party/FreeRTOS/Source/portable/GCC/ARM_CM4F/port.o
                0x000000000800b044                vPortEnterCritical
 .text.vPortExitCritical
                0x000000000800b0a4       0x54 ./Middlewares/Third_Party/FreeRTOS/Source/portable/GCC/ARM_CM4F/port.o
                0x000000000800b0a4                vPortExitCritical
 *fill*         0x000000000800b0f8        0x8 
 .text.PendSV_Handler
                0x000000000800b100       0x68 ./Middlewares/Third_Party/FreeRTOS/Source/portable/GCC/ARM_CM4F/port.o
                0x000000000800b100                PendSV_Handler
 .text.xPortSysTickHandler
                0x000000000800b168       0x44 ./Middlewares/Third_Party/FreeRTOS/Source/portable/GCC/ARM_CM4F/port.o
                0x000000000800b168                xPortSysTickHandler
 .text.vPortSetupTimerInterrupt
                0x000000000800b1ac       0x48 ./Middlewares/Third_Party/FreeRTOS/Source/portable/GCC/ARM_CM4F/port.o
                0x000000000800b1ac                vPortSetupTimerInterrupt
 .text.vPortEnableVFP
                0x000000000800b1f4       0x14 ./Middlewares/Third_Party/FreeRTOS/Source/portable/GCC/ARM_CM4F/port.o
 .text.vPortValidateInterruptPriority
                0x000000000800b208       0x80 ./Middlewares/Third_Party/FreeRTOS/Source/portable/GCC/ARM_CM4F/port.o
                0x000000000800b208                vPortValidateInterruptPriority
 .text.pvPortMalloc
                0x000000000800b288      0x198 ./Middlewares/Third_Party/FreeRTOS/Source/portable/MemMang/heap_4.o
                0x000000000800b288                pvPortMalloc
 .text.vPortFree
                0x000000000800b420       0xc4 ./Middlewares/Third_Party/FreeRTOS/Source/portable/MemMang/heap_4.o
                0x000000000800b420                vPortFree
 .text.prvHeapInit
                0x000000000800b4e4       0xc4 ./Middlewares/Third_Party/FreeRTOS/Source/portable/MemMang/heap_4.o
 .text.prvInsertBlockIntoFreeList
                0x000000000800b5a8       0xb4 ./Middlewares/Third_Party/FreeRTOS/Source/portable/MemMang/heap_4.o
 .text._DoInit  0x000000000800b65c       0xb0 ./Middlewares/Third_Party/SystemView/SEGGER/SEGGER_RTT.o
 .text.SEGGER_RTT_ReadNoLock
                0x000000000800b70c      0x10c ./Middlewares/Third_Party/SystemView/SEGGER/SEGGER_RTT.o
                0x000000000800b70c                SEGGER_RTT_ReadNoLock
 .text.SEGGER_RTT_AllocUpBuffer
                0x000000000800b818      0x108 ./Middlewares/Third_Party/SystemView/SEGGER/SEGGER_RTT.o
                0x000000000800b818                SEGGER_RTT_AllocUpBuffer
 .text.SEGGER_RTT_ConfigDownBuffer
                0x000000000800b920       0x98 ./Middlewares/Third_Party/SystemView/SEGGER/SEGGER_RTT.o
                0x000000000800b920                SEGGER_RTT_ConfigDownBuffer
 .text._EncodeStr
                0x000000000800b9b8       0xa0 ./Middlewares/Third_Party/SystemView/SEGGER/SEGGER_SYSVIEW.o
 .text._PreparePacket
                0x000000000800ba58       0x18 ./Middlewares/Third_Party/SystemView/SEGGER/SEGGER_SYSVIEW.o
 .text._HandleIncomingPacket
                0x000000000800ba70       0xe0 ./Middlewares/Third_Party/SystemView/SEGGER/SEGGER_SYSVIEW.o
 .text._TrySendOverflowPacket
                0x000000000800bb50       0xe4 ./Middlewares/Third_Party/SystemView/SEGGER/SEGGER_SYSVIEW.o
 .text._SendPacket
                0x000000000800bc34      0x1cc ./Middlewares/Third_Party/SystemView/SEGGER/SEGGER_SYSVIEW.o
 .text.SEGGER_SYSVIEW_Init
                0x000000000800be00       0x88 ./Middlewares/Third_Party/SystemView/SEGGER/SEGGER_SYSVIEW.o
                0x000000000800be00                SEGGER_SYSVIEW_Init
 .text.SEGGER_SYSVIEW_SetRAMBase
                0x000000000800be88       0x20 ./Middlewares/Third_Party/SystemView/SEGGER/SEGGER_SYSVIEW.o
                0x000000000800be88                SEGGER_SYSVIEW_SetRAMBase
 .text.SEGGER_SYSVIEW_RecordVoid
                0x000000000800bea8       0x3c ./Middlewares/Third_Party/SystemView/SEGGER/SEGGER_SYSVIEW.o
                0x000000000800bea8                SEGGER_SYSVIEW_RecordVoid
 .text.SEGGER_SYSVIEW_RecordU32
                0x000000000800bee4       0x78 ./Middlewares/Third_Party/SystemView/SEGGER/SEGGER_SYSVIEW.o
                0x000000000800bee4                SEGGER_SYSVIEW_RecordU32
 .text.SEGGER_SYSVIEW_RecordU32x2
                0x000000000800bf5c       0xb4 ./Middlewares/Third_Party/SystemView/SEGGER/SEGGER_SYSVIEW.o
                0x000000000800bf5c                SEGGER_SYSVIEW_RecordU32x2
 .text.SEGGER_SYSVIEW_RecordU32x3
                0x000000000800c010       0xec ./Middlewares/Third_Party/SystemView/SEGGER/SEGGER_SYSVIEW.o
                0x000000000800c010                SEGGER_SYSVIEW_RecordU32x3
 .text.SEGGER_SYSVIEW_RecordU32x4
                0x000000000800c0fc      0x124 ./Middlewares/Third_Party/SystemView/SEGGER/SEGGER_SYSVIEW.o
                0x000000000800c0fc                SEGGER_SYSVIEW_RecordU32x4
 .text.SEGGER_SYSVIEW_Start
                0x000000000800c220      0x174 ./Middlewares/Third_Party/SystemView/SEGGER/SEGGER_SYSVIEW.o
                0x000000000800c220                SEGGER_SYSVIEW_Start
 .text.SEGGER_SYSVIEW_Stop
                0x000000000800c394       0x4c ./Middlewares/Third_Party/SystemView/SEGGER/SEGGER_SYSVIEW.o
                0x000000000800c394                SEGGER_SYSVIEW_Stop
 .text.SEGGER_SYSVIEW_GetSysDesc
                0x000000000800c3e0      0x134 ./Middlewares/Third_Party/SystemView/SEGGER/SEGGER_SYSVIEW.o
                0x000000000800c3e0                SEGGER_SYSVIEW_GetSysDesc
 .text.SEGGER_SYSVIEW_SendTaskInfo
                0x000000000800c514      0x1c8 ./Middlewares/Third_Party/SystemView/SEGGER/SEGGER_SYSVIEW.o
                0x000000000800c514                SEGGER_SYSVIEW_SendTaskInfo
 .text.SEGGER_SYSVIEW_SendTaskList
                0x000000000800c6dc       0x28 ./Middlewares/Third_Party/SystemView/SEGGER/SEGGER_SYSVIEW.o
                0x000000000800c6dc                SEGGER_SYSVIEW_SendTaskList
 .text.SEGGER_SYSVIEW_SendSysDesc
                0x000000000800c704       0x48 ./Middlewares/Third_Party/SystemView/SEGGER/SEGGER_SYSVIEW.o
                0x000000000800c704                SEGGER_SYSVIEW_SendSysDesc
 .text.SEGGER_SYSVIEW_RecordSystime
                0x000000000800c74c       0x64 ./Middlewares/Third_Party/SystemView/SEGGER/SEGGER_SYSVIEW.o
                0x000000000800c74c                SEGGER_SYSVIEW_RecordSystime
 .text.SEGGER_SYSVIEW_OnIdle
                0x000000000800c7b0       0x38 ./Middlewares/Third_Party/SystemView/SEGGER/SEGGER_SYSVIEW.o
                0x000000000800c7b0                SEGGER_SYSVIEW_OnIdle
 .text.SEGGER_SYSVIEW_OnTaskCreate
                0x000000000800c7e8       0x84 ./Middlewares/Third_Party/SystemView/SEGGER/SEGGER_SYSVIEW.o
                0x000000000800c7e8                SEGGER_SYSVIEW_OnTaskCreate
 .text.SEGGER_SYSVIEW_OnTaskStartExec
                0x000000000800c86c       0x84 ./Middlewares/Third_Party/SystemView/SEGGER/SEGGER_SYSVIEW.o
                0x000000000800c86c                SEGGER_SYSVIEW_OnTaskStartExec
 .text.SEGGER_SYSVIEW_OnTaskStartReady
                0x000000000800c8f0       0x84 ./Middlewares/Third_Party/SystemView/SEGGER/SEGGER_SYSVIEW.o
                0x000000000800c8f0                SEGGER_SYSVIEW_OnTaskStartReady
 .text.SEGGER_SYSVIEW_ShrinkId
                0x000000000800c974       0x20 ./Middlewares/Third_Party/SystemView/SEGGER/SEGGER_SYSVIEW.o
                0x000000000800c974                SEGGER_SYSVIEW_ShrinkId
 .text.SEGGER_SYSVIEW_SendModule
                0x000000000800c994      0x100 ./Middlewares/Third_Party/SystemView/SEGGER/SEGGER_SYSVIEW.o
                0x000000000800c994                SEGGER_SYSVIEW_SendModule
 .text.SEGGER_SYSVIEW_SendModuleDescription
                0x000000000800ca94       0x3c ./Middlewares/Third_Party/SystemView/SEGGER/SEGGER_SYSVIEW.o
                0x000000000800ca94                SEGGER_SYSVIEW_SendModuleDescription
 .text.SEGGER_SYSVIEW_SendNumModules
                0x000000000800cad0       0x7c ./Middlewares/Third_Party/SystemView/SEGGER/SEGGER_SYSVIEW.o
                0x000000000800cad0                SEGGER_SYSVIEW_SendNumModules
 .text.SEGGER_SYSVIEW_Warn
                0x000000000800cb4c       0xb8 ./Middlewares/Third_Party/SystemView/SEGGER/SEGGER_SYSVIEW.o
                0x000000000800cb4c                SEGGER_SYSVIEW_Warn
 .text.__NVIC_EnableIRQ
                0x000000000800cc04       0x3c ./Middlewares/Third_Party/SystemView/Sample/FreeRTOS/Config/SEGGER_SYSVIEW_Config_FreeRTOS.o
 .text.LL_APB1_GRP1_EnableClock
                0x000000000800cc40       0x30 ./Middlewares/Third_Party/SystemView/Sample/FreeRTOS/Config/SEGGER_SYSVIEW_Config_FreeRTOS.o
 .text.LL_TIM_EnableCounter
                0x000000000800cc70       0x20 ./Middlewares/Third_Party/SystemView/Sample/FreeRTOS/Config/SEGGER_SYSVIEW_Config_FreeRTOS.o
 .text.LL_TIM_SetPrescaler
                0x000000000800cc90       0x1c ./Middlewares/Third_Party/SystemView/Sample/FreeRTOS/Config/SEGGER_SYSVIEW_Config_FreeRTOS.o
 .text.LL_TIM_ClearFlag_UPDATE
                0x000000000800ccac       0x1c ./Middlewares/Third_Party/SystemView/Sample/FreeRTOS/Config/SEGGER_SYSVIEW_Config_FreeRTOS.o
 .text.LL_TIM_IsActiveFlag_UPDATE
                0x000000000800ccc8       0x26 ./Middlewares/Third_Party/SystemView/Sample/FreeRTOS/Config/SEGGER_SYSVIEW_Config_FreeRTOS.o
 .text.LL_TIM_EnableIT_UPDATE
                0x000000000800ccee       0x20 ./Middlewares/Third_Party/SystemView/Sample/FreeRTOS/Config/SEGGER_SYSVIEW_Config_FreeRTOS.o
 *fill*         0x000000000800cd0e        0x2 
 .text._cbSendSystemDesc
                0x000000000800cd10       0x14 ./Middlewares/Third_Party/SystemView/Sample/FreeRTOS/Config/SEGGER_SYSVIEW_Config_FreeRTOS.o
 .text.TIM7_IRQHandler
                0x000000000800cd24       0x2c ./Middlewares/Third_Party/SystemView/Sample/FreeRTOS/Config/SEGGER_SYSVIEW_Config_FreeRTOS.o
                0x000000000800cd24                TIM7_IRQHandler
 .text.SEGGER_SYSVIEW_TimeStampInit
                0x000000000800cd50       0x48 ./Middlewares/Third_Party/SystemView/Sample/FreeRTOS/Config/SEGGER_SYSVIEW_Config_FreeRTOS.o
 .text.SEGGER_SYSVIEW_Conf
                0x000000000800cd98       0x30 ./Middlewares/Third_Party/SystemView/Sample/FreeRTOS/Config/SEGGER_SYSVIEW_Config_FreeRTOS.o
                0x000000000800cd98                SEGGER_SYSVIEW_Conf
 .text._cbSendTaskList
                0x000000000800cdc8       0xbc ./Middlewares/Third_Party/SystemView/Sample/FreeRTOS/SEGGER_SYSVIEW_FreeRTOS.o
 .text._cbGetTime
                0x000000000800ce84       0x86 ./Middlewares/Third_Party/SystemView/Sample/FreeRTOS/SEGGER_SYSVIEW_FreeRTOS.o
 *fill*         0x000000000800cf0a        0x2 
 .text.SYSVIEW_AddTask
                0x000000000800cf0c       0xd0 ./Middlewares/Third_Party/SystemView/Sample/FreeRTOS/SEGGER_SYSVIEW_FreeRTOS.o
                0x000000000800cf0c                SYSVIEW_AddTask
 .text.SYSVIEW_DeleteTask
                0x000000000800cfdc      0x178 ./Middlewares/Third_Party/SystemView/Sample/FreeRTOS/SEGGER_SYSVIEW_FreeRTOS.o
                0x000000000800cfdc                SYSVIEW_DeleteTask
 .text.SYSVIEW_SendTaskInfo
                0x000000000800d154       0x42 ./Middlewares/Third_Party/SystemView/Sample/FreeRTOS/SEGGER_SYSVIEW_FreeRTOS.o
                0x000000000800d154                SYSVIEW_SendTaskInfo
 *fill*         0x000000000800d196        0x2 
 .text.srand    0x000000000800d198       0x5c /opt/st/stm32cubeide_1.14.0/plugins/com.st.stm32cube.ide.mcu.externaltools.gnu-tools-for-stm32.11.3.rel1.linux64_1.1.100.202309141235/tools/bin/../lib/gcc/arm-none-eabi/11.3.1/../../../../arm-none-eabi/lib/thumb/v7e-m+fp/hard/libc_nano.a(libc_a-rand.o)
                0x000000000800d198                srand
 .text.rand     0x000000000800d1f4       0x7c /opt/st/stm32cubeide_1.14.0/plugins/com.st.stm32cube.ide.mcu.externaltools.gnu-tools-for-stm32.11.3.rel1.linux64_1.1.100.202309141235/tools/bin/../lib/gcc/arm-none-eabi/11.3.1/../../../../arm-none-eabi/lib/thumb/v7e-m+fp/hard/libc_nano.a(libc_a-rand.o)
                0x000000000800d1f4                rand
 .text.std      0x000000000800d270       0x6c /opt/st/stm32cubeide_1.14.0/plugins/com.st.stm32cube.ide.mcu.externaltools.gnu-tools-for-stm32.11.3.rel1.linux64_1.1.100.202309141235/tools/bin/../lib/gcc/arm-none-eabi/11.3.1/../../../../arm-none-eabi/lib/thumb/v7e-m+fp/hard/libc_nano.a(libc_a-findfp.o)
 .text.stdio_exit_handler
                0x000000000800d2dc       0x18 /opt/st/stm32cubeide_1.14.0/plugins/com.st.stm32cube.ide.mcu.externaltools.gnu-tools-for-stm32.11.3.rel1.linux64_1.1.100.202309141235/tools/bin/../lib/gcc/arm-none-eabi/11.3.1/../../../../arm-none-eabi/lib/thumb/v7e-m+fp/hard/libc_nano.a(libc_a-findfp.o)
 .text.cleanup_stdio
                0x000000000800d2f4       0x40 /opt/st/stm32cubeide_1.14.0/plugins/com.st.stm32cube.ide.mcu.externaltools.gnu-tools-for-stm32.11.3.rel1.linux64_1.1.100.202309141235/tools/bin/../lib/gcc/arm-none-eabi/11.3.1/../../../../arm-none-eabi/lib/thumb/v7e-m+fp/hard/libc_nano.a(libc_a-findfp.o)
 .text.global_stdio_init.part.0
                0x000000000800d334       0x3c /opt/st/stm32cubeide_1.14.0/plugins/com.st.stm32cube.ide.mcu.externaltools.gnu-tools-for-stm32.11.3.rel1.linux64_1.1.100.202309141235/tools/bin/../lib/gcc/arm-none-eabi/11.3.1/../../../../arm-none-eabi/lib/thumb/v7e-m+fp/hard/libc_nano.a(libc_a-findfp.o)
 .text.__sfp_lock_acquire
                0x000000000800d370        0xc /opt/st/stm32cubeide_1.14.0/plugins/com.st.stm32cube.ide.mcu.externaltools.gnu-tools-for-stm32.11.3.rel1.linux64_1.1.100.202309141235/tools/bin/../lib/gcc/arm-none-eabi/11.3.1/../../../../arm-none-eabi/lib/thumb/v7e-m+fp/hard/libc_nano.a(libc_a-findfp.o)
                0x000000000800d370                __sfp_lock_acquire
 .text.__sfp_lock_release
                0x000000000800d37c        0xc /opt/st/stm32cubeide_1.14.0/plugins/com.st.stm32cube.ide.mcu.externaltools.gnu-tools-for-stm32.11.3.rel1.linux64_1.1.100.202309141235/tools/bin/../lib/gcc/arm-none-eabi/11.3.1/../../../../arm-none-eabi/lib/thumb/v7e-m+fp/hard/libc_nano.a(libc_a-findfp.o)
                0x000000000800d37c                __sfp_lock_release
 .text.__sinit  0x000000000800d388       0x30 /opt/st/stm32cubeide_1.14.0/plugins/com.st.stm32cube.ide.mcu.externaltools.gnu-tools-for-stm32.11.3.rel1.linux64_1.1.100.202309141235/tools/bin/../lib/gcc/arm-none-eabi/11.3.1/../../../../arm-none-eabi/lib/thumb/v7e-m+fp/hard/libc_nano.a(libc_a-findfp.o)
                0x000000000800d388                __sinit
 .text._fwalk_sglue
                0x000000000800d3b8       0x3c /opt/st/stm32cubeide_1.14.0/plugins/com.st.stm32cube.ide.mcu.externaltools.gnu-tools-for-stm32.11.3.rel1.linux64_1.1.100.202309141235/tools/bin/../lib/gcc/arm-none-eabi/11.3.1/../../../../arm-none-eabi/lib/thumb/v7e-m+fp/hard/libc_nano.a(libc_a-fwalk.o)
                0x000000000800d3b8                _fwalk_sglue
 .text.__sread  0x000000000800d3f4       0x22 /opt/st/stm32cubeide_1.14.0/plugins/com.st.stm32cube.ide.mcu.externaltools.gnu-tools-for-stm32.11.3.rel1.linux64_1.1.100.202309141235/tools/bin/../lib/gcc/arm-none-eabi/11.3.1/../../../../arm-none-eabi/lib/thumb/v7e-m+fp/hard/libc_nano.a(libc_a-stdio.o)
                0x000000000800d3f4                __sread
 .text.__swrite
                0x000000000800d416       0x38 /opt/st/stm32cubeide_1.14.0/plugins/com.st.stm32cube.ide.mcu.externaltools.gnu-tools-for-stm32.11.3.rel1.linux64_1.1.100.202309141235/tools/bin/../lib/gcc/arm-none-eabi/11.3.1/../../../../arm-none-eabi/lib/thumb/v7e-m+fp/hard/libc_nano.a(libc_a-stdio.o)
                0x000000000800d416                __swrite
 .text.__sseek  0x000000000800d44e       0x24 /opt/st/stm32cubeide_1.14.0/plugins/com.st.stm32cube.ide.mcu.externaltools.gnu-tools-for-stm32.11.3.rel1.linux64_1.1.100.202309141235/tools/bin/../lib/gcc/arm-none-eabi/11.3.1/../../../../arm-none-eabi/lib/thumb/v7e-m+fp/hard/libc_nano.a(libc_a-stdio.o)
                0x000000000800d44e                __sseek
 .text.__sclose
                0x000000000800d472        0x8 /opt/st/stm32cubeide_1.14.0/plugins/com.st.stm32cube.ide.mcu.externaltools.gnu-tools-for-stm32.11.3.rel1.linux64_1.1.100.202309141235/tools/bin/../lib/gcc/arm-none-eabi/11.3.1/../../../../arm-none-eabi/lib/thumb/v7e-m+fp/hard/libc_nano.a(libc_a-stdio.o)
                0x000000000800d472                __sclose
 .text.memcmp   0x000000000800d47a       0x20 /opt/st/stm32cubeide_1.14.0/plugins/com.st.stm32cube.ide.mcu.externaltools.gnu-tools-for-stm32.11.3.rel1.linux64_1.1.100.202309141235/tools/bin/../lib/gcc/arm-none-eabi/11.3.1/../../../../arm-none-eabi/lib/thumb/v7e-m+fp/hard/libc_nano.a(libc_a-memcmp.o)
                0x000000000800d47a                memcmp
 .text.memset   0x000000000800d49a       0x10 /opt/st/stm32cubeide_1.14.0/plugins/com.st.stm32cube.ide.mcu.externaltools.gnu-tools-for-stm32.11.3.rel1.linux64_1.1.100.202309141235/tools/bin/../lib/gcc/arm-none-eabi/11.3.1/../../../../arm-none-eabi/lib/thumb/v7e-m+fp/hard/libc_nano.a(libc_a-memset.o)
                0x000000000800d49a                memset
 *fill*         0x000000000800d4aa        0x2 
 .text._close_r
                0x000000000800d4ac       0x20 /opt/st/stm32cubeide_1.14.0/plugins/com.st.stm32cube.ide.mcu.externaltools.gnu-tools-for-stm32.11.3.rel1.linux64_1.1.100.202309141235/tools/bin/../lib/gcc/arm-none-eabi/11.3.1/../../../../arm-none-eabi/lib/thumb/v7e-m+fp/hard/libc_nano.a(libc_a-closer.o)
                0x000000000800d4ac                _close_r
 .text._reclaim_reent
                0x000000000800d4cc       0xac /opt/st/stm32cubeide_1.14.0/plugins/com.st.stm32cube.ide.mcu.externaltools.gnu-tools-for-stm32.11.3.rel1.linux64_1.1.100.202309141235/tools/bin/../lib/gcc/arm-none-eabi/11.3.1/../../../../arm-none-eabi/lib/thumb/v7e-m+fp/hard/libc_nano.a(libc_a-reent.o)
                0x000000000800d4cc                _reclaim_reent
 .text._lseek_r
                0x000000000800d578       0x24 /opt/st/stm32cubeide_1.14.0/plugins/com.st.stm32cube.ide.mcu.externaltools.gnu-tools-for-stm32.11.3.rel1.linux64_1.1.100.202309141235/tools/bin/../lib/gcc/arm-none-eabi/11.3.1/../../../../arm-none-eabi/lib/thumb/v7e-m+fp/hard/libc_nano.a(libc_a-lseekr.o)
                0x000000000800d578                _lseek_r
 .text._read_r  0x000000000800d59c       0x24 /opt/st/stm32cubeide_1.14.0/plugins/com.st.stm32cube.ide.mcu.externaltools.gnu-tools-for-stm32.11.3.rel1.linux64_1.1.100.202309141235/tools/bin/../lib/gcc/arm-none-eabi/11.3.1/../../../../arm-none-eabi/lib/thumb/v7e-m+fp/hard/libc_nano.a(libc_a-readr.o)
                0x000000000800d59c                _read_r
 .text._write_r
                0x000000000800d5c0       0x24 /opt/st/stm32cubeide_1.14.0/plugins/com.st.stm32cube.ide.mcu.externaltools.gnu-tools-for-stm32.11.3.rel1.linux64_1.1.100.202309141235/tools/bin/../lib/gcc/arm-none-eabi/11.3.1/../../../../arm-none-eabi/lib/thumb/v7e-m+fp/hard/libc_nano.a(libc_a-writer.o)
                0x000000000800d5c0                _write_r
 .text.__errno  0x000000000800d5e4        0xc /opt/st/stm32cubeide_1.14.0/plugins/com.st.stm32cube.ide.mcu.externaltools.gnu-tools-for-stm32.11.3.rel1.linux64_1.1.100.202309141235/tools/bin/../lib/gcc/arm-none-eabi/11.3.1/../../../../arm-none-eabi/lib/thumb/v7e-m+fp/hard/libc_nano.a(libc_a-errno.o)
                0x000000000800d5e4                __errno
 .text.__libc_init_array
                0x000000000800d5f0       0x48 /opt/st/stm32cubeide_1.14.0/plugins/com.st.stm32cube.ide.mcu.externaltools.gnu-tools-for-stm32.11.3.rel1.linux64_1.1.100.202309141235/tools/bin/../lib/gcc/arm-none-eabi/11.3.1/../../../../arm-none-eabi/lib/thumb/v7e-m+fp/hard/libc_nano.a(libc_a-init.o)
                0x000000000800d5f0                __libc_init_array
 .text.__retarget_lock_init_recursive
                0x000000000800d638        0x2 /opt/st/stm32cubeide_1.14.0/plugins/com.st.stm32cube.ide.mcu.externaltools.gnu-tools-for-stm32.11.3.rel1.linux64_1.1.100.202309141235/tools/bin/../lib/gcc/arm-none-eabi/11.3.1/../../../../arm-none-eabi/lib/thumb/v7e-m+fp/hard/libc_nano.a(libc_a-lock.o)
                0x000000000800d638                __retarget_lock_init_recursive
 .text.__retarget_lock_acquire_recursive
                0x000000000800d63a        0x2 /opt/st/stm32cubeide_1.14.0/plugins/com.st.stm32cube.ide.mcu.externaltools.gnu-tools-for-stm32.11.3.rel1.linux64_1.1.100.202309141235/tools/bin/../lib/gcc/arm-none-eabi/11.3.1/../../../../arm-none-eabi/lib/thumb/v7e-m+fp/hard/libc_nano.a(libc_a-lock.o)
                0x000000000800d63a                __retarget_lock_acquire_recursive
 .text.__retarget_lock_release_recursive
                0x000000000800d63c        0x2 /opt/st/stm32cubeide_1.14.0/plugins/com.st.stm32cube.ide.mcu.externaltools.gnu-tools-for-stm32.11.3.rel1.linux64_1.1.100.202309141235/tools/bin/../lib/gcc/arm-none-eabi/11.3.1/../../../../arm-none-eabi/lib/thumb/v7e-m+fp/hard/libc_nano.a(libc_a-lock.o)
                0x000000000800d63c                __retarget_lock_release_recursive
 .text.memcpy   0x000000000800d63e       0x1c /opt/st/stm32cubeide_1.14.0/plugins/com.st.stm32cube.ide.mcu.externaltools.gnu-tools-for-stm32.11.3.rel1.linux64_1.1.100.202309141235/tools/bin/../lib/gcc/arm-none-eabi/11.3.1/../../../../arm-none-eabi/lib/thumb/v7e-m+fp/hard/libc_nano.a(libc_a-memcpy-stub.o)
                0x000000000800d63e                memcpy
 *fill*         0x000000000800d65a        0x2 
 .text.__assert_func
                0x000000000800d65c       0x3c /opt/st/stm32cubeide_1.14.0/plugins/com.st.stm32cube.ide.mcu.externaltools.gnu-tools-for-stm32.11.3.rel1.linux64_1.1.100.202309141235/tools/bin/../lib/gcc/arm-none-eabi/11.3.1/../../../../arm-none-eabi/lib/thumb/v7e-m+fp/hard/libc_nano.a(libc_a-assert.o)
                0x000000000800d65c                __assert_func
 .text._free_r  0x000000000800d698       0x98 /opt/st/stm32cubeide_1.14.0/plugins/com.st.stm32cube.ide.mcu.externaltools.gnu-tools-for-stm32.11.3.rel1.linux64_1.1.100.202309141235/tools/bin/../lib/gcc/arm-none-eabi/11.3.1/../../../../arm-none-eabi/lib/thumb/v7e-m+fp/hard/libc_nano.a(libc_a-freer.o)
                0x000000000800d698                _free_r
 .text.malloc   0x000000000800d730       0x10 /opt/st/stm32cubeide_1.14.0/plugins/com.st.stm32cube.ide.mcu.externaltools.gnu-tools-for-stm32.11.3.rel1.linux64_1.1.100.202309141235/tools/bin/../lib/gcc/arm-none-eabi/11.3.1/../../../../arm-none-eabi/lib/thumb/v7e-m+fp/hard/libc_nano.a(libc_a-malloc.o)
                0x000000000800d730                malloc
 .text.sbrk_aligned
                0x000000000800d740       0x40 /opt/st/stm32cubeide_1.14.0/plugins/com.st.stm32cube.ide.mcu.externaltools.gnu-tools-for-stm32.11.3.rel1.linux64_1.1.100.202309141235/tools/bin/../lib/gcc/arm-none-eabi/11.3.1/../../../../arm-none-eabi/lib/thumb/v7e-m+fp/hard/libc_nano.a(libc_a-mallocr.o)
 .text._malloc_r
                0x000000000800d780      0x100 /opt/st/stm32cubeide_1.14.0/plugins/com.st.stm32cube.ide.mcu.externaltools.gnu-tools-for-stm32.11.3.rel1.linux64_1.1.100.202309141235/tools/bin/../lib/gcc/arm-none-eabi/11.3.1/../../../../arm-none-eabi/lib/thumb/v7e-m+fp/hard/libc_nano.a(libc_a-mallocr.o)
                0x000000000800d780                _malloc_r
 .text.__malloc_lock
                0x000000000800d880        0xc /opt/st/stm32cubeide_1.14.0/plugins/com.st.stm32cube.ide.mcu.externaltools.gnu-tools-for-stm32.11.3.rel1.linux64_1.1.100.202309141235/tools/bin/../lib/gcc/arm-none-eabi/11.3.1/../../../../arm-none-eabi/lib/thumb/v7e-m+fp/hard/libc_nano.a(libc_a-mlock.o)
                0x000000000800d880                __malloc_lock
 .text.__malloc_unlock
                0x000000000800d88c        0xc /opt/st/stm32cubeide_1.14.0/plugins/com.st.stm32cube.ide.mcu.externaltools.gnu-tools-for-stm32.11.3.rel1.linux64_1.1.100.202309141235/tools/bin/../lib/gcc/arm-none-eabi/11.3.1/../../../../arm-none-eabi/lib/thumb/v7e-m+fp/hard/libc_nano.a(libc_a-mlock.o)
                0x000000000800d88c                __malloc_unlock
 .text.__sflush_r
                0x000000000800d898      0x10c /opt/st/stm32cubeide_1.14.0/plugins/com.st.stm32cube.ide.mcu.externaltools.gnu-tools-for-stm32.11.3.rel1.linux64_1.1.100.202309141235/tools/bin/../lib/gcc/arm-none-eabi/11.3.1/../../../../arm-none-eabi/lib/thumb/v7e-m+fp/hard/libc_nano.a(libc_a-fflush.o)
                0x000000000800d898                __sflush_r
 .text._fflush_r
                0x000000000800d9a4       0x50 /opt/st/stm32cubeide_1.14.0/plugins/com.st.stm32cube.ide.mcu.externaltools.gnu-tools-for-stm32.11.3.rel1.linux64_1.1.100.202309141235/tools/bin/../lib/gcc/arm-none-eabi/11.3.1/../../../../arm-none-eabi/lib/thumb/v7e-m+fp/hard/libc_nano.a(libc_a-fflush.o)
                0x000000000800d9a4                _fflush_r
 .text.fprintf  0x000000000800d9f4       0x24 /opt/st/stm32cubeide_1.14.0/plugins/com.st.stm32cube.ide.mcu.externaltools.gnu-tools-for-stm32.11.3.rel1.linux64_1.1.100.202309141235/tools/bin/../lib/gcc/arm-none-eabi/11.3.1/../../../../arm-none-eabi/lib/thumb/v7e-m+fp/hard/libc_nano.a(libc_a-fprintf.o)
                0x000000000800d9f4                fprintf
                0x000000000800d9f4                fiprintf
 .text._sbrk_r  0x000000000800da18       0x20 /opt/st/stm32cubeide_1.14.0/plugins/com.st.stm32cube.ide.mcu.externaltools.gnu-tools-for-stm32.11.3.rel1.linux64_1.1.100.202309141235/tools/bin/../lib/gcc/arm-none-eabi/11.3.1/../../../../arm-none-eabi/lib/thumb/v7e-m+fp/hard/libc_nano.a(libc_a-sbrkr.o)
                0x000000000800da18                _sbrk_r
 .text.abort    0x000000000800da38        0xe /opt/st/stm32cubeide_1.14.0/plugins/com.st.stm32cube.ide.mcu.externaltools.gnu-tools-for-stm32.11.3.rel1.linux64_1.1.100.202309141235/tools/bin/../lib/gcc/arm-none-eabi/11.3.1/../../../../arm-none-eabi/lib/thumb/v7e-m+fp/hard/libc_nano.a(libc_a-abort.o)
                0x000000000800da38                abort
 .text.__sfputc_r
                0x000000000800da46       0x2e /opt/st/stm32cubeide_1.14.0/plugins/com.st.stm32cube.ide.mcu.externaltools.gnu-tools-for-stm32.11.3.rel1.linux64_1.1.100.202309141235/tools/bin/../lib/gcc/arm-none-eabi/11.3.1/../../../../arm-none-eabi/lib/thumb/v7e-m+fp/hard/libc_nano.a(libc_a-nano-vfprintf.o)
 .text.__sfputs_r
                0x000000000800da74       0x24 /opt/st/stm32cubeide_1.14.0/plugins/com.st.stm32cube.ide.mcu.externaltools.gnu-tools-for-stm32.11.3.rel1.linux64_1.1.100.202309141235/tools/bin/../lib/gcc/arm-none-eabi/11.3.1/../../../../arm-none-eabi/lib/thumb/v7e-m+fp/hard/libc_nano.a(libc_a-nano-vfprintf.o)
                0x000000000800da74                __sfputs_r
 .text._vfprintf_r
                0x000000000800da98      0x234 /opt/st/stm32cubeide_1.14.0/plugins/com.st.stm32cube.ide.mcu.externaltools.gnu-tools-for-stm32.11.3.rel1.linux64_1.1.100.202309141235/tools/bin/../lib/gcc/arm-none-eabi/11.3.1/../../../../arm-none-eabi/lib/thumb/v7e-m+fp/hard/libc_nano.a(libc_a-nano-vfprintf.o)
                0x000000000800da98                _vfiprintf_r
                0x000000000800da98                _vfprintf_r
 .text._printf_common
                0x000000000800dccc       0xda /opt/st/stm32cubeide_1.14.0/plugins/com.st.stm32cube.ide.mcu.externaltools.gnu-tools-for-stm32.11.3.rel1.linux64_1.1.100.202309141235/tools/bin/../lib/gcc/arm-none-eabi/11.3.1/../../../../arm-none-eabi/lib/thumb/v7e-m+fp/hard/libc_nano.a(libc_a-nano-vfprintf_i.o)
                0x000000000800dccc                _printf_common
 *fill*         0x000000000800dda6        0x2 
 .text._printf_i
                0x000000000800dda8      0x244 /opt/st/stm32cubeide_1.14.0/plugins/com.st.stm32cube.ide.mcu.externaltools.gnu-tools-for-stm32.11.3.rel1.linux64_1.1.100.202309141235/tools/bin/../lib/gcc/arm-none-eabi/11.3.1/../../../../arm-none-eabi/lib/thumb/v7e-m+fp/hard/libc_nano.a(libc_a-nano-vfprintf_i.o)
                0x000000000800dda8                _printf_i
 .text.__swbuf_r
                0x000000000800dfec       0x7a /opt/st/stm32cubeide_1.14.0/plugins/com.st.stm32cube.ide.mcu.externaltools.gnu-tools-for-stm32.11.3.rel1.linux64_1.1.100.202309141235/tools/bin/../lib/gcc/arm-none-eabi/11.3.1/../../../../arm-none-eabi/lib/thumb/v7e-m+fp/hard/libc_nano.a(libc_a-wbuf.o)
                0x000000000800dfec                __swbuf_r
 *fill*         0x000000000800e066        0x2 
 .text.__swsetup_r
                0x000000000800e068       0xb0 /opt/st/stm32cubeide_1.14.0/plugins/com.st.stm32cube.ide.mcu.externaltools.gnu-tools-for-stm32.11.3.rel1.linux64_1.1.100.202309141235/tools/bin/../lib/gcc/arm-none-eabi/11.3.1/../../../../arm-none-eabi/lib/thumb/v7e-m+fp/hard/libc_nano.a(libc_a-wsetup.o)
                0x000000000800e068                __swsetup_r
 .text._raise_r
                0x000000000800e118       0x50 /opt/st/stm32cubeide_1.14.0/plugins/com.st.stm32cube.ide.mcu.externaltools.gnu-tools-for-stm32.11.3.rel1.linux64_1.1.100.202309141235/tools/bin/../lib/gcc/arm-none-eabi/11.3.1/../../../../arm-none-eabi/lib/thumb/v7e-m+fp/hard/libc_nano.a(libc_a-signal.o)
                0x000000000800e118                _raise_r
 .text.raise    0x000000000800e168       0x10 /opt/st/stm32cubeide_1.14.0/plugins/com.st.stm32cube.ide.mcu.externaltools.gnu-tools-for-stm32.11.3.rel1.linux64_1.1.100.202309141235/tools/bin/../lib/gcc/arm-none-eabi/11.3.1/../../../../arm-none-eabi/lib/thumb/v7e-m+fp/hard/libc_nano.a(libc_a-signal.o)
                0x000000000800e168                raise
 .text._kill_r  0x000000000800e178       0x24 /opt/st/stm32cubeide_1.14.0/plugins/com.st.stm32cube.ide.mcu.externaltools.gnu-tools-for-stm32.11.3.rel1.linux64_1.1.100.202309141235/tools/bin/../lib/gcc/arm-none-eabi/11.3.1/../../../../arm-none-eabi/lib/thumb/v7e-m+fp/hard/libc_nano.a(libc_a-signalr.o)
                0x000000000800e178                _kill_r
 .text._getpid_r
                0x000000000800e19c        0x4 /opt/st/stm32cubeide_1.14.0/plugins/com.st.stm32cube.ide.mcu.externaltools.gnu-tools-for-stm32.11.3.rel1.linux64_1.1.100.202309141235/tools/bin/../lib/gcc/arm-none-eabi/11.3.1/../../../../arm-none-eabi/lib/thumb/v7e-m+fp/hard/libc_nano.a(libc_a-signalr.o)
                0x000000000800e19c                _getpid_r
 .text.__swhatbuf_r
                0x000000000800e1a0       0x4c /opt/st/stm32cubeide_1.14.0/plugins/com.st.stm32cube.ide.mcu.externaltools.gnu-tools-for-stm32.11.3.rel1.linux64_1.1.100.202309141235/tools/bin/../lib/gcc/arm-none-eabi/11.3.1/../../../../arm-none-eabi/lib/thumb/v7e-m+fp/hard/libc_nano.a(libc_a-makebuf.o)
                0x000000000800e1a0                __swhatbuf_r
 .text.__smakebuf_r
                0x000000000800e1ec       0x78 /opt/st/stm32cubeide_1.14.0/plugins/com.st.stm32cube.ide.mcu.externaltools.gnu-tools-for-stm32.11.3.rel1.linux64_1.1.100.202309141235/tools/bin/../lib/gcc/arm-none-eabi/11.3.1/../../../../arm-none-eabi/lib/thumb/v7e-m+fp/hard/libc_nano.a(libc_a-makebuf.o)
                0x000000000800e1ec                __smakebuf_r
 .text._fstat_r
                0x000000000800e264       0x24 /opt/st/stm32cubeide_1.14.0/plugins/com.st.stm32cube.ide.mcu.externaltools.gnu-tools-for-stm32.11.3.rel1.linux64_1.1.100.202309141235/tools/bin/../lib/gcc/arm-none-eabi/11.3.1/../../../../arm-none-eabi/lib/thumb/v7e-m+fp/hard/libc_nano.a(libc_a-fstatr.o)
                0x000000000800e264                _fstat_r
 .text._isatty_r
                0x000000000800e288       0x20 /opt/st/stm32cubeide_1.14.0/plugins/com.st.stm32cube.ide.mcu.externaltools.gnu-tools-for-stm32.11.3.rel1.linux64_1.1.100.202309141235/tools/bin/../lib/gcc/arm-none-eabi/11.3.1/../../../../arm-none-eabi/lib/thumb/v7e-m+fp/hard/libc_nano.a(libc_a-isattyr.o)
                0x000000000800e288                _isatty_r
 *(.glue_7)
 .glue_7        0x000000000800e2a8        0x0 linker stubs
 *(.glue_7t)
 .glue_7t       0x000000000800e2a8        0x0 linker stubs
 *(.eh_frame)
 .eh_frame      0x000000000800e2a8        0x0 /opt/st/stm32cubeide_1.14.0/plugins/com.st.stm32cube.ide.mcu.externaltools.gnu-tools-for-stm32.11.3.rel1.linux64_1.1.100.202309141235/tools/bin/../lib/gcc/arm-none-eabi/11.3.1/thumb/v7e-m+fp/hard/crtbegin.o
 *(.init)
 .init          0x000000000800e2a8        0x4 /opt/st/stm32cubeide_1.14.0/plugins/com.st.stm32cube.ide.mcu.externaltools.gnu-tools-for-stm32.11.3.rel1.linux64_1.1.100.202309141235/tools/bin/../lib/gcc/arm-none-eabi/11.3.1/thumb/v7e-m+fp/hard/crti.o
                0x000000000800e2a8                _init
 .init          0x000000000800e2ac        0x8 /opt/st/stm32cubeide_1.14.0/plugins/com.st.stm32cube.ide.mcu.externaltools.gnu-tools-for-stm32.11.3.rel1.linux64_1.1.100.202309141235/tools/bin/../lib/gcc/arm-none-eabi/11.3.1/thumb/v7e-m+fp/hard/crtn.o
 *(.fini)
 .fini          0x000000000800e2b4        0x4 /opt/st/stm32cubeide_1.14.0/plugins/com.st.stm32cube.ide.mcu.externaltools.gnu-tools-for-stm32.11.3.rel1.linux64_1.1.100.202309141235/tools/bin/../lib/gcc/arm-none-eabi/11.3.1/thumb/v7e-m+fp/hard/crti.o
                0x000000000800e2b4                _fini
 .fini          0x000000000800e2b8        0x8 /opt/st/stm32cubeide_1.14.0/plugins/com.st.stm32cube.ide.mcu.externaltools.gnu-tools-for-stm32.11.3.rel1.linux64_1.1.100.202309141235/tools/bin/../lib/gcc/arm-none-eabi/11.3.1/thumb/v7e-m+fp/hard/crtn.o
                0x000000000800e2c0                . = ALIGN (0x4)
                0x000000000800e2c0                _etext = .

.vfp11_veneer   0x000000000800e2c0        0x0